2026-07-01 09:51:31.293 [main] INFO  [traceId=] c.p.assistant.AssistantApplication - Starting AssistantApplication using Java 21.0.10 with PID 13400 (C:\Users\Li\Desktop\project\kiro\个人系统\personal-assistant\personal-assistant-server\target\classes started by Li in C:\Users\Li\Desktop\project\kiro\个人系统\personal-assistant\personal-assistant-server)
2026-07-01 09:51:31.325 [main] INFO  [traceId=] c.p.assistant.AssistantApplication - The following 1 profile is active: "local"
2026-07-01 09:51:36.780 [main] INFO  [traceId=] o.s.b.w.e.tomcat.TomcatWebServer - Tomcat initialized with port 8080 (http)
2026-07-01 09:51:36.831 [main] INFO  [traceId=] o.a.catalina.core.StandardService - Starting service [Tomcat]
2026-07-01 09:51:36.831 [main] INFO  [traceId=] o.a.catalina.core.StandardEngine - Starting Servlet engine: [Apache Tomcat/10.1.33]
2026-07-01 09:51:37.129 [main] INFO  [traceId=] o.a.c.c.C.[Tomcat].[localhost].[/] - Initializing Spring embedded WebApplicationContext
2026-07-01 09:51:37.130 [main] INFO  [traceId=] o.s.b.w.s.c.ServletWebServerApplicationContext - Root WebApplicationContext: initialization completed in 5656 ms
2026-07-01 09:51:37.983 [main] INFO  [traceId=] com.zaxxer.hikari.HikariDataSource - HikariPool-1 - Starting...
2026-07-01 09:51:39.237 [main] WARN  [traceId=] o.s.b.w.s.c.AnnotationConfigServletWebServerApplicationContext - Exception encountered during context initialization - cancelling refresh attempt: org.springframework.beans.factory.UnsatisfiedDependencyException: Error creating bean with name 'dataInitializer' defined in file [C:\Users\Li\Desktop\project\kiro\个人系统\personal-assistant\personal-assistant-server\target\classes\com\personal\assistant\common\config\DataInitializer.class]: Unsatisfied dependency expressed through constructor parameter 0: Error creating bean with name 'userAccountMapper' defined in file [C:\Users\Li\Desktop\project\kiro\个人系统\personal-assistant\personal-assistant-server\target\classes\com\personal\assistant\module\auth\mapper\UserAccountMapper.class]: Unsatisfied dependency expressed through bean property 'sqlSessionTemplate': Error creating bean with name 'liquibase' defined in class path resource [org/springframework/boot/autoconfigure/liquibase/LiquibaseAutoConfiguration$LiquibaseConfiguration.class]: liquibase.exception.DatabaseException: org.postgresql.util.PSQLException: FATAL: Invalid username/password,login denied.
2026-07-01 09:51:39.243 [main] INFO  [traceId=] o.a.catalina.core.StandardService - Stopping service [Tomcat]
2026-07-01 09:51:39.295 [main] INFO  [traceId=] o.s.b.a.l.ConditionEvaluationReportLogger - 

Error starting ApplicationContext. To display the condition evaluation report re-run your application with 'debug' enabled.
2026-07-01 09:51:39.362 [main] ERROR [traceId=] o.s.boot.SpringApplication - Application run failed
org.springframework.beans.factory.UnsatisfiedDependencyException: Error creating bean with name 'dataInitializer' defined in file [C:\Users\Li\Desktop\project\kiro\个人系统\personal-assistant\personal-assistant-server\target\classes\com\personal\assistant\common\config\DataInitializer.class]: Unsatisfied dependency expressed through constructor parameter 0: Error creating bean with name 'userAccountMapper' defined in file [C:\Users\Li\Desktop\project\kiro\个人系统\personal-assistant\personal-assistant-server\target\classes\com\personal\assistant\module\auth\mapper\UserAccountMapper.class]: Unsatisfied dependency expressed through bean property 'sqlSessionTemplate': Error creating bean with name 'liquibase' defined in class path resource [org/springframework/boot/autoconfigure/liquibase/LiquibaseAutoConfiguration$LiquibaseConfiguration.class]: liquibase.exception.DatabaseException: org.postgresql.util.PSQLException: FATAL: Invalid username/password,login denied.
	at org.springframework.beans.factory.support.ConstructorResolver.createArgumentArray(ConstructorResolver.java:795)
	at org.springframework.beans.factory.support.ConstructorResolver.autowireConstructor(ConstructorResolver.java:237)
	at org.springframework.beans.factory.support.AbstractAutowireCapableBeanFactory.autowireConstructor(AbstractAutowireCapableBeanFactory.java:1375)
	at org.springframework.beans.factory.support.AbstractAutowireCapableBeanFactory.createBeanInstance(AbstractAutowireCapableBeanFactory.java:1212)
	at org.springframework.beans.factory.support.AbstractAutowireCapableBeanFactory.doCreateBean(AbstractAutowireCapableBeanFactory.java:562)
	at org.springframework.beans.factory.support.AbstractAutowireCapableBeanFactory.createBean(AbstractAutowireCapableBeanFactory.java:522)
	at org.springframework.beans.factory.support.AbstractBeanFactory.lambda$doGetBean$0(AbstractBeanFactory.java:337)
	at org.springframework.beans.factory.support.DefaultSingletonBeanRegistry.getSingleton(DefaultSingletonBeanRegistry.java:234)
	at org.springframework.beans.factory.support.AbstractBeanFactory.doGetBean(AbstractBeanFactory.java:335)
	at org.springframework.beans.factory.support.AbstractBeanFactory.getBean(AbstractBeanFactory.java:200)
	at org.springframework.beans.factory.support.DefaultListableBeanFactory.preInstantiateSingletons(DefaultListableBeanFactory.java:975)
	at org.springframework.context.support.AbstractApplicationContext.finishBeanFactoryInitialization(AbstractApplicationContext.java:971)
	at org.springframework.context.support.AbstractApplicationContext.refresh(AbstractApplicationContext.java:625)
	at org.springframework.boot.web.servlet.context.ServletWebServerApplicationContext.refresh(ServletWebServerApplicationContext.java:146)
	at org.springframework.boot.SpringApplication.refresh(SpringApplication.java:754)
	at org.springframework.boot.SpringApplication.refreshContext(SpringApplication.java:456)
	at org.springframework.boot.SpringApplication.run(SpringApplication.java:335)
	at org.springframework.boot.SpringApplication.run(SpringApplication.java:1363)
	at org.springframework.boot.SpringApplication.run(SpringApplication.java:1352)
	at com.personal.assistant.AssistantApplication.main(AssistantApplication.java:12)
Caused by: org.springframework.beans.factory.UnsatisfiedDependencyException: Error creating bean with name 'userAccountMapper' defined in file [C:\Users\Li\Desktop\project\kiro\个人系统\personal-assistant\personal-assistant-server\target\classes\com\personal\assistant\module\auth\mapper\UserAccountMapper.class]: Unsatisfied dependency expressed through bean property 'sqlSessionTemplate': Error creating bean with name 'liquibase' defined in class path resource [org/springframework/boot/autoconfigure/liquibase/LiquibaseAutoConfiguration$LiquibaseConfiguration.class]: liquibase.exception.DatabaseException: org.postgresql.util.PSQLException: FATAL: Invalid username/password,login denied.
	at org.springframework.beans.factory.support.AbstractAutowireCapableBeanFactory.autowireByType(AbstractAutowireCapableBeanFactory.java:1536)
	at org.springframework.beans.factory.support.AbstractAutowireCapableBeanFactory.populateBean(AbstractAutowireCapableBeanFactory.java:1430)
	at org.springframework.beans.factory.support.AbstractAutowireCapableBeanFactory.doCreateBean(AbstractAutowireCapableBeanFactory.java:599)
	at org.springframework.beans.factory.support.AbstractAutowireCapableBeanFactory.createBean(AbstractAutowireCapableBeanFactory.java:522)
	at org.springframework.beans.factory.support.AbstractBeanFactory.lambda$doGetBean$0(AbstractBeanFactory.java:337)
	at org.springframework.beans.factory.support.DefaultSingletonBeanRegistry.getSingleton(DefaultSingletonBeanRegistry.java:234)
	at org.springframework.beans.factory.support.AbstractBeanFactory.doGetBean(AbstractBeanFactory.java:335)
	at org.springframework.beans.factory.support.AbstractBeanFactory.getBean(AbstractBeanFactory.java:200)
	at org.springframework.beans.factory.config.DependencyDescriptor.resolveCandidate(DependencyDescriptor.java:254)
	at org.springframework.beans.factory.support.DefaultListableBeanFactory.doResolveDependency(DefaultListableBeanFactory.java:1443)
	at org.springframework.beans.factory.support.DefaultListableBeanFactory.resolveDependency(DefaultListableBeanFactory.java:1353)
	at org.springframework.beans.factory.support.ConstructorResolver.resolveAutowiredArgument(ConstructorResolver.java:904)
	at org.springframework.beans.factory.support.ConstructorResolver.createArgumentArray(ConstructorResolver.java:782)
	... 19 common frames omitted
Caused by: org.springframework.beans.factory.BeanCreationException: Error creating bean with name 'liquibase' defined in class path resource [org/springframework/boot/autoconfigure/liquibase/LiquibaseAutoConfiguration$LiquibaseConfiguration.class]: liquibase.exception.DatabaseException: org.postgresql.util.PSQLException: FATAL: Invalid username/password,login denied.
	at org.springframework.beans.factory.support.AbstractAutowireCapableBeanFactory.initializeBean(AbstractAutowireCapableBeanFactory.java:1806)
	at org.springframework.beans.factory.support.AbstractAutowireCapableBeanFactory.doCreateBean(AbstractAutowireCapableBeanFactory.java:600)
	at org.springframework.beans.factory.support.AbstractAutowireCapableBeanFactory.createBean(AbstractAutowireCapableBeanFactory.java:522)
	at org.springframework.beans.factory.support.AbstractBeanFactory.lambda$doGetBean$0(AbstractBeanFactory.java:337)
	at org.springframework.beans.factory.support.DefaultSingletonBeanRegistry.getSingleton(DefaultSingletonBeanRegistry.java:234)
	at org.springframework.beans.factory.support.AbstractBeanFactory.doGetBean(AbstractBeanFactory.java:335)
	at org.springframework.beans.factory.support.AbstractBeanFactory.getBean(AbstractBeanFactory.java:200)
	at org.springframework.beans.factory.support.AbstractBeanFactory.doGetBean(AbstractBeanFactory.java:313)
	at org.springframework.beans.factory.support.AbstractBeanFactory.getBean(AbstractBeanFactory.java:200)
	at org.springframework.beans.factory.config.DependencyDescriptor.resolveCandidate(DependencyDescriptor.java:254)
	at org.springframework.beans.factory.support.DefaultListableBeanFactory.doResolveDependency(DefaultListableBeanFactory.java:1443)
	at org.springframework.beans.factory.support.DefaultListableBeanFactory.resolveDependency(DefaultListableBeanFactory.java:1353)
	at org.springframework.beans.factory.support.AbstractAutowireCapableBeanFactory.autowireByType(AbstractAutowireCapableBeanFactory.java:1521)
	... 31 common frames omitted
Caused by: liquibase.exception.UnexpectedLiquibaseException: liquibase.exception.DatabaseException: org.postgresql.util.PSQLException: FATAL: Invalid username/password,login denied.
	at liquibase.integration.spring.SpringLiquibase.afterPropertiesSet(SpringLiquibase.java:259)
	at org.springframework.beans.factory.support.AbstractAutowireCapableBeanFactory.invokeInitMethods(AbstractAutowireCapableBeanFactory.java:1853)
	at org.springframework.beans.factory.support.AbstractAutowireCapableBeanFactory.initializeBean(AbstractAutowireCapableBeanFactory.java:1802)
	... 43 common frames omitted
Caused by: liquibase.exception.DatabaseException: org.postgresql.util.PSQLException: FATAL: Invalid username/password,login denied.
	at liquibase.integration.spring.SpringLiquibase.lambda$afterPropertiesSet$0(SpringLiquibase.java:251)
	at liquibase.Scope.lambda$child$0(Scope.java:190)
	at liquibase.Scope.child(Scope.java:199)
	at liquibase.Scope.child(Scope.java:189)
	at liquibase.Scope.child(Scope.java:168)
	at liquibase.Scope.child(Scope.java:256)
	at liquibase.integration.spring.SpringLiquibase.afterPropertiesSet(SpringLiquibase.java:242)
	... 45 common frames omitted
Caused by: org.postgresql.util.PSQLException: FATAL: Invalid username/password,login denied.
	at org.postgresql.core.v3.ConnectionFactoryImpl.doAuthentication(ConnectionFactoryImpl.java:711)
	at org.postgresql.core.v3.ConnectionFactoryImpl.tryConnect(ConnectionFactoryImpl.java:213)
	at org.postgresql.core.v3.ConnectionFactoryImpl.openConnectionImpl(ConnectionFactoryImpl.java:268)
	at org.postgresql.core.ConnectionFactory.openConnection(ConnectionFactory.java:54)
	at org.postgresql.jdbc.PgConnection.<init>(PgConnection.java:273)
	at org.postgresql.Driver.makeConnection(Driver.java:446)
	at org.postgresql.Driver.connect(Driver.java:298)
	at com.zaxxer.hikari.util.DriverDataSource.getConnection(DriverDataSource.java:137)
	at com.zaxxer.hikari.pool.PoolBase.newConnection(PoolBase.java:360)
	at com.zaxxer.hikari.pool.PoolBase.newPoolEntry(PoolBase.java:202)
	at com.zaxxer.hikari.pool.HikariPool.createPoolEntry(HikariPool.java:461)
	at com.zaxxer.hikari.pool.HikariPool.checkFailFast(HikariPool.java:550)
	at com.zaxxer.hikari.pool.HikariPool.<init>(HikariPool.java:98)
	at com.zaxxer.hikari.HikariDataSource.getConnection(HikariDataSource.java:111)
	at liquibase.integration.spring.SpringLiquibase.lambda$afterPropertiesSet$0(SpringLiquibase.java:246)
	... 51 common frames omitted
2026-07-01 10:15:10.887 [main] INFO  [traceId=] c.p.assistant.AssistantApplication - Starting AssistantApplication using Java 21.0.10 with PID 21576 (C:\Users\Li\Desktop\project\kiro\个人系统\personal-assistant\personal-assistant-server\target\classes started by Li in C:\Users\Li\Desktop\project\kiro\个人系统\personal-assistant\personal-assistant-server)
2026-07-01 10:15:10.899 [main] INFO  [traceId=] c.p.assistant.AssistantApplication - The following 1 profile is active: "local"
2026-07-01 10:15:17.227 [main] INFO  [traceId=] o.s.b.w.e.tomcat.TomcatWebServer - Tomcat initialized with port 8080 (http)
2026-07-01 10:15:17.264 [main] INFO  [traceId=] o.a.catalina.core.StandardService - Starting service [Tomcat]
2026-07-01 10:15:17.264 [main] INFO  [traceId=] o.a.catalina.core.StandardEngine - Starting Servlet engine: [Apache Tomcat/10.1.33]
2026-07-01 10:15:17.518 [main] INFO  [traceId=] o.a.c.c.C.[Tomcat].[localhost].[/] - Initializing Spring embedded WebApplicationContext
2026-07-01 10:15:17.520 [main] INFO  [traceId=] o.s.b.w.s.c.ServletWebServerApplicationContext - Root WebApplicationContext: initialization completed in 6152 ms
2026-07-01 10:15:18.575 [main] INFO  [traceId=] com.zaxxer.hikari.HikariDataSource - HikariPool-1 - Starting...
2026-07-01 10:15:18.964 [main] INFO  [traceId=] com.zaxxer.hikari.pool.HikariPool - HikariPool-1 - Added connection org.postgresql.jdbc.PgConnection@26aee0a6
2026-07-01 10:15:18.969 [main] INFO  [traceId=] com.zaxxer.hikari.HikariDataSource - HikariPool-1 - Start completed.
2026-07-01 10:15:19.394 [main] INFO  [traceId=] liquibase.database - Set default schema name to public
2026-07-01 10:15:20.595 [main] INFO  [traceId=] liquibase.changelog - Reading from public.databasechangelog
2026-07-01 10:15:20.790 [main] INFO  [traceId=] liquibase.ui - Database is up to date, no changesets to execute
2026-07-01 10:15:20.794 [main] INFO  [traceId=] liquibase.changelog - Reading from public.databasechangelog
2026-07-01 10:15:20.821 [main] INFO  [traceId=] liquibase.util - UPDATE SUMMARY
2026-07-01 10:15:20.822 [main] INFO  [traceId=] liquibase.util - Run:                          0
2026-07-01 10:15:20.822 [main] INFO  [traceId=] liquibase.util - Previously run:               8
2026-07-01 10:15:20.822 [main] INFO  [traceId=] liquibase.util - Filtered out:                 0
2026-07-01 10:15:20.822 [main] INFO  [traceId=] liquibase.util - -------------------------------
2026-07-01 10:15:20.822 [main] INFO  [traceId=] liquibase.util - Total change sets:            8
2026-07-01 10:15:20.824 [main] INFO  [traceId=] liquibase.util - Update summary generated
2026-07-01 10:15:20.885 [main] INFO  [traceId=] liquibase.lockservice - Successfully released change log lock
2026-07-01 10:15:20.890 [main] INFO  [traceId=] liquibase.command - Command execution complete
2026-07-01 10:15:23.211 [main] INFO  [traceId=] org.quartz.impl.StdSchedulerFactory - Using default implementation for ThreadExecutor
2026-07-01 10:15:23.244 [main] INFO  [traceId=] o.quartz.core.SchedulerSignalerImpl - Initialized Scheduler Signaller of type: class org.quartz.core.SchedulerSignalerImpl
2026-07-01 10:15:23.244 [main] INFO  [traceId=] org.quartz.core.QuartzScheduler - Quartz Scheduler v.2.3.2 created.
2026-07-01 10:15:23.267 [main] INFO  [traceId=] o.s.s.quartz.LocalDataSourceJobStore - Using db table-based data access locking (synchronization).
2026-07-01 10:15:23.271 [main] INFO  [traceId=] o.s.s.quartz.LocalDataSourceJobStore - JobStoreCMT initialized.
2026-07-01 10:15:23.272 [main] INFO  [traceId=] org.quartz.core.QuartzScheduler - Scheduler meta-data: Quartz Scheduler (v2.3.2) 'PersonalAssistantScheduler' with instanceId 'NON_CLUSTERED'
  Scheduler class: 'org.quartz.core.QuartzScheduler' - running locally.
  NOT STARTED.
  Currently in standby mode.
  Number of jobs executed: 0
  Using thread pool 'org.quartz.simpl.SimpleThreadPool' - with 5 threads.
  Using job-store 'org.springframework.scheduling.quartz.LocalDataSourceJobStore' - which supports persistence. and is not clustered.

2026-07-01 10:15:23.273 [main] INFO  [traceId=] org.quartz.impl.StdSchedulerFactory - Quartz scheduler 'PersonalAssistantScheduler' initialized from an externally provided properties instance.
2026-07-01 10:15:23.273 [main] INFO  [traceId=] org.quartz.impl.StdSchedulerFactory - Quartz scheduler version: 2.3.2
2026-07-01 10:15:23.273 [main] INFO  [traceId=] org.quartz.core.QuartzScheduler - JobFactory set to: org.springframework.scheduling.quartz.SpringBeanJobFactory@10df1f34
2026-07-01 10:15:24.064 [main] WARN  [traceId=] o.s.b.a.s.s.UserDetailsServiceAutoConfiguration - 

Using generated security password: a27d5874-5d23-4256-8010-c5107c057f4a

This generated password is for development use only. Your security configuration must be updated before running your application in production.

2026-07-01 10:15:24.087 [main] INFO  [traceId=] o.s.s.c.a.a.c.InitializeUserDetailsBeanManagerConfigurer$InitializeUserDetailsManagerConfigurer - Global AuthenticationManager configured with UserDetailsService bean with name inMemoryUserDetailsManager
2026-07-01 10:15:25.336 [main] INFO  [traceId=] o.s.b.a.e.web.EndpointLinksResolver - Exposing 2 endpoints beneath base path '/actuator'
2026-07-01 10:15:26.628 [main] INFO  [traceId=] o.s.b.w.e.tomcat.TomcatWebServer - Tomcat started on port 8080 (http) with context path '/'
2026-07-01 10:15:26.632 [main] INFO  [traceId=] o.s.s.quartz.SchedulerFactoryBean - Starting Quartz Scheduler now
2026-07-01 10:15:26.684 [main] INFO  [traceId=] o.s.s.quartz.LocalDataSourceJobStore - Freed 0 triggers from 'acquired' / 'blocked' state.
2026-07-01 10:15:26.699 [main] INFO  [traceId=] o.s.s.quartz.LocalDataSourceJobStore - Recovering 0 jobs that were in-progress at the time of the last shut-down.
2026-07-01 10:15:26.699 [main] INFO  [traceId=] o.s.s.quartz.LocalDataSourceJobStore - Recovery complete.
2026-07-01 10:15:26.701 [main] INFO  [traceId=] o.s.s.quartz.LocalDataSourceJobStore - Removed 0 'complete' triggers.
2026-07-01 10:15:26.704 [main] INFO  [traceId=] o.s.s.quartz.LocalDataSourceJobStore - Removed 0 stale fired job entries.
2026-07-01 10:15:26.710 [main] INFO  [traceId=] org.quartz.core.QuartzScheduler - Scheduler PersonalAssistantScheduler_$_NON_CLUSTERED started.
2026-07-01 10:15:26.742 [main] INFO  [traceId=] c.p.assistant.AssistantApplication - Started AssistantApplication in 17.881 seconds (process running for 20.659)
2026-07-01 11:22:52.417 [HikariPool-1 housekeeper] WARN  [traceId=] com.zaxxer.hikari.pool.HikariPool - HikariPool-1 - Thread starvation or clock leap detected (housekeeper delta=6m25s317ms182µs600ns).
2026-07-01 12:10:21.289 [HikariPool-1 housekeeper] WARN  [traceId=] com.zaxxer.hikari.pool.HikariPool - HikariPool-1 - Thread starvation or clock leap detected (housekeeper delta=19m55s649ms494µs500ns).
2026-07-01 13:03:03.662 [HikariPool-1 housekeeper] WARN  [traceId=] com.zaxxer.hikari.pool.HikariPool - HikariPool-1 - Thread starvation or clock leap detected (housekeeper delta=48m12s290ms297µs900ns).
2026-07-01 13:18:10.907 [http-nio-8080-exec-1] INFO  [traceId=] o.a.c.c.C.[Tomcat].[localhost].[/] - Initializing Spring DispatcherServlet 'dispatcherServlet'
2026-07-01 13:18:10.909 [http-nio-8080-exec-1] INFO  [traceId=] o.s.web.servlet.DispatcherServlet - Initializing Servlet 'dispatcherServlet'
2026-07-01 13:18:10.944 [http-nio-8080-exec-1] INFO  [traceId=] o.s.web.servlet.DispatcherServlet - Completed initialization in 35 ms
2026-07-01 13:18:12.073 [http-nio-8080-exec-1] INFO  [traceId=0e027624790146eb861c04d4c90f4e65] c.p.a.m.auth.service.AuthService - 用户登录成功，userId: 1
2026-07-01 15:31:29.835 [main] INFO  [traceId=] c.p.assistant.AssistantApplication - Starting AssistantApplication using Java 21.0.10 with PID 41996 (C:\Users\Li\Desktop\project\kiro\个人系统\personal-assistant\personal-assistant-server\target\classes started by Li in C:\Users\Li\Desktop\project\kiro\个人系统\personal-assistant\personal-assistant-server)
2026-07-01 15:31:29.839 [main] INFO  [traceId=] c.p.assistant.AssistantApplication - The following 1 profile is active: "local"
2026-07-01 15:31:34.894 [main] INFO  [traceId=] o.s.b.w.e.tomcat.TomcatWebServer - Tomcat initialized with port 8080 (http)
2026-07-01 15:31:34.951 [main] INFO  [traceId=] o.a.catalina.core.StandardService - Starting service [Tomcat]
2026-07-01 15:31:34.952 [main] INFO  [traceId=] o.a.catalina.core.StandardEngine - Starting Servlet engine: [Apache Tomcat/10.1.33]
2026-07-01 15:31:35.162 [main] INFO  [traceId=] o.a.c.c.C.[Tomcat].[localhost].[/] - Initializing Spring embedded WebApplicationContext
2026-07-01 15:31:35.162 [main] INFO  [traceId=] o.s.b.w.s.c.ServletWebServerApplicationContext - Root WebApplicationContext: initialization completed in 5193 ms
2026-07-01 15:31:35.939 [main] INFO  [traceId=] com.zaxxer.hikari.HikariDataSource - HikariPool-1 - Starting...
2026-07-01 15:31:36.363 [main] INFO  [traceId=] com.zaxxer.hikari.pool.HikariPool - HikariPool-1 - Added connection org.postgresql.jdbc.PgConnection@590dea35
2026-07-01 15:31:36.367 [main] INFO  [traceId=] com.zaxxer.hikari.HikariDataSource - HikariPool-1 - Start completed.
2026-07-01 15:31:36.725 [main] INFO  [traceId=] liquibase.database - Set default schema name to public
2026-07-01 15:31:37.528 [main] INFO  [traceId=] liquibase.command - Logging exception.
2026-07-01 15:31:37.529 [main] INFO  [traceId=] liquibase.ui - ERROR: Exception Details
2026-07-01 15:31:37.529 [main] INFO  [traceId=] liquibase.ui - ERROR: Exception Primary Class:  ParsedNodeException
2026-07-01 15:31:37.529 [main] INFO  [traceId=] liquibase.ui - ERROR: Exception Primary Reason:  Unexpected node: 4)
2026-07-01 15:31:37.530 [main] INFO  [traceId=] liquibase.ui - ERROR: Exception Primary Source:  PostgreSQL 16.14
2026-07-01 15:31:37.530 [main] INFO  [traceId=] liquibase.command - Command execution complete
2026-07-01 15:31:37.536 [main] WARN  [traceId=] o.s.b.w.s.c.AnnotationConfigServletWebServerApplicationContext - Exception encountered during context initialization - cancelling refresh attempt: org.springframework.beans.factory.UnsatisfiedDependencyException: Error creating bean with name 'dataInitializer' defined in file [C:\Users\Li\Desktop\project\kiro\个人系统\personal-assistant\personal-assistant-server\target\classes\com\personal\assistant\common\config\DataInitializer.class]: Unsatisfied dependency expressed through constructor parameter 0: Error creating bean with name 'userAccountMapper' defined in file [C:\Users\Li\Desktop\project\kiro\个人系统\personal-assistant\personal-assistant-server\target\classes\com\personal\assistant\module\auth\mapper\UserAccountMapper.class]: Unsatisfied dependency expressed through bean property 'sqlSessionTemplate': Error creating bean with name 'liquibase' defined in class path resource [org/springframework/boot/autoconfigure/liquibase/LiquibaseAutoConfiguration$LiquibaseConfiguration.class]: liquibase.exception.CommandExecutionException: liquibase.exception.ChangeLogParseException: Error parsing classpath:db/changelog/db.changelog-master.yaml : Error parsing db/changelog/009-add-stock-market-map-fields.yaml : Unexpected node: 4)
2026-07-01 15:31:37.537 [main] INFO  [traceId=] com.zaxxer.hikari.HikariDataSource - HikariPool-1 - Shutdown initiated...
2026-07-01 15:31:37.549 [main] INFO  [traceId=] com.zaxxer.hikari.HikariDataSource - HikariPool-1 - Shutdown completed.
2026-07-01 15:31:37.555 [main] INFO  [traceId=] o.a.catalina.core.StandardService - Stopping service [Tomcat]
2026-07-01 15:31:37.586 [main] INFO  [traceId=] o.s.b.a.l.ConditionEvaluationReportLogger - 

Error starting ApplicationContext. To display the condition evaluation report re-run your application with 'debug' enabled.
2026-07-01 15:31:37.657 [main] ERROR [traceId=] o.s.boot.SpringApplication - Application run failed
org.springframework.beans.factory.UnsatisfiedDependencyException: Error creating bean with name 'dataInitializer' defined in file [C:\Users\Li\Desktop\project\kiro\个人系统\personal-assistant\personal-assistant-server\target\classes\com\personal\assistant\common\config\DataInitializer.class]: Unsatisfied dependency expressed through constructor parameter 0: Error creating bean with name 'userAccountMapper' defined in file [C:\Users\Li\Desktop\project\kiro\个人系统\personal-assistant\personal-assistant-server\target\classes\com\personal\assistant\module\auth\mapper\UserAccountMapper.class]: Unsatisfied dependency expressed through bean property 'sqlSessionTemplate': Error creating bean with name 'liquibase' defined in class path resource [org/springframework/boot/autoconfigure/liquibase/LiquibaseAutoConfiguration$LiquibaseConfiguration.class]: liquibase.exception.CommandExecutionException: liquibase.exception.ChangeLogParseException: Error parsing classpath:db/changelog/db.changelog-master.yaml : Error parsing db/changelog/009-add-stock-market-map-fields.yaml : Unexpected node: 4)
	at org.springframework.beans.factory.support.ConstructorResolver.createArgumentArray(ConstructorResolver.java:795)
	at org.springframework.beans.factory.support.ConstructorResolver.autowireConstructor(ConstructorResolver.java:237)
	at org.springframework.beans.factory.support.AbstractAutowireCapableBeanFactory.autowireConstructor(AbstractAutowireCapableBeanFactory.java:1375)
	at org.springframework.beans.factory.support.AbstractAutowireCapableBeanFactory.createBeanInstance(AbstractAutowireCapableBeanFactory.java:1212)
	at org.springframework.beans.factory.support.AbstractAutowireCapableBeanFactory.doCreateBean(AbstractAutowireCapableBeanFactory.java:562)
	at org.springframework.beans.factory.support.AbstractAutowireCapableBeanFactory.createBean(AbstractAutowireCapableBeanFactory.java:522)
	at org.springframework.beans.factory.support.AbstractBeanFactory.lambda$doGetBean$0(AbstractBeanFactory.java:337)
	at org.springframework.beans.factory.support.DefaultSingletonBeanRegistry.getSingleton(DefaultSingletonBeanRegistry.java:234)
	at org.springframework.beans.factory.support.AbstractBeanFactory.doGetBean(AbstractBeanFactory.java:335)
	at org.springframework.beans.factory.support.AbstractBeanFactory.getBean(AbstractBeanFactory.java:200)
	at org.springframework.beans.factory.support.DefaultListableBeanFactory.preInstantiateSingletons(DefaultListableBeanFactory.java:975)
	at org.springframework.context.support.AbstractApplicationContext.finishBeanFactoryInitialization(AbstractApplicationContext.java:971)
	at org.springframework.context.support.AbstractApplicationContext.refresh(AbstractApplicationContext.java:625)
	at org.springframework.boot.web.servlet.context.ServletWebServerApplicationContext.refresh(ServletWebServerApplicationContext.java:146)
	at org.springframework.boot.SpringApplication.refresh(SpringApplication.java:754)
	at org.springframework.boot.SpringApplication.refreshContext(SpringApplication.java:456)
	at org.springframework.boot.SpringApplication.run(SpringApplication.java:335)
	at org.springframework.boot.SpringApplication.run(SpringApplication.java:1363)
	at org.springframework.boot.SpringApplication.run(SpringApplication.java:1352)
	at com.personal.assistant.AssistantApplication.main(AssistantApplication.java:12)
Caused by: org.springframework.beans.factory.UnsatisfiedDependencyException: Error creating bean with name 'userAccountMapper' defined in file [C:\Users\Li\Desktop\project\kiro\个人系统\personal-assistant\personal-assistant-server\target\classes\com\personal\assistant\module\auth\mapper\UserAccountMapper.class]: Unsatisfied dependency expressed through bean property 'sqlSessionTemplate': Error creating bean with name 'liquibase' defined in class path resource [org/springframework/boot/autoconfigure/liquibase/LiquibaseAutoConfiguration$LiquibaseConfiguration.class]: liquibase.exception.CommandExecutionException: liquibase.exception.ChangeLogParseException: Error parsing classpath:db/changelog/db.changelog-master.yaml : Error parsing db/changelog/009-add-stock-market-map-fields.yaml : Unexpected node: 4)
	at org.springframework.beans.factory.support.AbstractAutowireCapableBeanFactory.autowireByType(AbstractAutowireCapableBeanFactory.java:1536)
	at org.springframework.beans.factory.support.AbstractAutowireCapableBeanFactory.populateBean(AbstractAutowireCapableBeanFactory.java:1430)
	at org.springframework.beans.factory.support.AbstractAutowireCapableBeanFactory.doCreateBean(AbstractAutowireCapableBeanFactory.java:599)
	at org.springframework.beans.factory.support.AbstractAutowireCapableBeanFactory.createBean(AbstractAutowireCapableBeanFactory.java:522)
	at org.springframework.beans.factory.support.AbstractBeanFactory.lambda$doGetBean$0(AbstractBeanFactory.java:337)
	at org.springframework.beans.factory.support.DefaultSingletonBeanRegistry.getSingleton(DefaultSingletonBeanRegistry.java:234)
	at org.springframework.beans.factory.support.AbstractBeanFactory.doGetBean(AbstractBeanFactory.java:335)
	at org.springframework.beans.factory.support.AbstractBeanFactory.getBean(AbstractBeanFactory.java:200)
	at org.springframework.beans.factory.config.DependencyDescriptor.resolveCandidate(DependencyDescriptor.java:254)
	at org.springframework.beans.factory.support.DefaultListableBeanFactory.doResolveDependency(DefaultListableBeanFactory.java:1443)
	at org.springframework.beans.factory.support.DefaultListableBeanFactory.resolveDependency(DefaultListableBeanFactory.java:1353)
	at org.springframework.beans.factory.support.ConstructorResolver.resolveAutowiredArgument(ConstructorResolver.java:904)
	at org.springframework.beans.factory.support.ConstructorResolver.createArgumentArray(ConstructorResolver.java:782)
	... 19 common frames omitted
Caused by: org.springframework.beans.factory.BeanCreationException: Error creating bean with name 'liquibase' defined in class path resource [org/springframework/boot/autoconfigure/liquibase/LiquibaseAutoConfiguration$LiquibaseConfiguration.class]: liquibase.exception.CommandExecutionException: liquibase.exception.ChangeLogParseException: Error parsing classpath:db/changelog/db.changelog-master.yaml : Error parsing db/changelog/009-add-stock-market-map-fields.yaml : Unexpected node: 4)
	at org.springframework.beans.factory.support.AbstractAutowireCapableBeanFactory.initializeBean(AbstractAutowireCapableBeanFactory.java:1806)
	at org.springframework.beans.factory.support.AbstractAutowireCapableBeanFactory.doCreateBean(AbstractAutowireCapableBeanFactory.java:600)
	at org.springframework.beans.factory.support.AbstractAutowireCapableBeanFactory.createBean(AbstractAutowireCapableBeanFactory.java:522)
	at org.springframework.beans.factory.support.AbstractBeanFactory.lambda$doGetBean$0(AbstractBeanFactory.java:337)
	at org.springframework.beans.factory.support.DefaultSingletonBeanRegistry.getSingleton(DefaultSingletonBeanRegistry.java:234)
	at org.springframework.beans.factory.support.AbstractBeanFactory.doGetBean(AbstractBeanFactory.java:335)
	at org.springframework.beans.factory.support.AbstractBeanFactory.getBean(AbstractBeanFactory.java:200)
	at org.springframework.beans.factory.support.AbstractBeanFactory.doGetBean(AbstractBeanFactory.java:313)
	at org.springframework.beans.factory.support.AbstractBeanFactory.getBean(AbstractBeanFactory.java:200)
	at org.springframework.beans.factory.config.DependencyDescriptor.resolveCandidate(DependencyDescriptor.java:254)
	at org.springframework.beans.factory.support.DefaultListableBeanFactory.doResolveDependency(DefaultListableBeanFactory.java:1443)
	at org.springframework.beans.factory.support.DefaultListableBeanFactory.resolveDependency(DefaultListableBeanFactory.java:1353)
	at org.springframework.beans.factory.support.AbstractAutowireCapableBeanFactory.autowireByType(AbstractAutowireCapableBeanFactory.java:1521)
	... 31 common frames omitted
Caused by: liquibase.exception.UnexpectedLiquibaseException: liquibase.exception.CommandExecutionException: liquibase.exception.ChangeLogParseException: Error parsing classpath:db/changelog/db.changelog-master.yaml : Error parsing db/changelog/009-add-stock-market-map-fields.yaml : Unexpected node: 4)
	at liquibase.integration.spring.SpringLiquibase.afterPropertiesSet(SpringLiquibase.java:259)
	at org.springframework.beans.factory.support.AbstractAutowireCapableBeanFactory.invokeInitMethods(AbstractAutowireCapableBeanFactory.java:1853)
	at org.springframework.beans.factory.support.AbstractAutowireCapableBeanFactory.initializeBean(AbstractAutowireCapableBeanFactory.java:1802)
	... 43 common frames omitted
Caused by: liquibase.exception.CommandExecutionException: liquibase.exception.ChangeLogParseException: Error parsing classpath:db/changelog/db.changelog-master.yaml : Error parsing db/changelog/009-add-stock-market-map-fields.yaml : Unexpected node: 4)
	at liquibase.command.CommandScope.execute(CommandScope.java:257)
	at liquibase.Liquibase.lambda$update$0(Liquibase.java:245)
	at liquibase.Scope.lambda$child$0(Scope.java:190)
	at liquibase.Scope.child(Scope.java:199)
	at liquibase.Scope.child(Scope.java:189)
	at liquibase.Scope.child(Scope.java:168)
	at liquibase.Liquibase.runInScope(Liquibase.java:1436)
	at liquibase.Liquibase.update(Liquibase.java:234)
	at liquibase.Liquibase.update(Liquibase.java:212)
	at liquibase.integration.spring.SpringLiquibase.performUpdate(SpringLiquibase.java:297)
	at liquibase.integration.spring.SpringLiquibase.lambda$afterPropertiesSet$0(SpringLiquibase.java:249)
	at liquibase.Scope.lambda$child$0(Scope.java:190)
	at liquibase.Scope.child(Scope.java:199)
	at liquibase.Scope.child(Scope.java:189)
	at liquibase.Scope.child(Scope.java:168)
	at liquibase.Scope.child(Scope.java:256)
	at liquibase.integration.spring.SpringLiquibase.afterPropertiesSet(SpringLiquibase.java:242)
	... 45 common frames omitted
Caused by: liquibase.exception.ChangeLogParseException: Error parsing classpath:db/changelog/db.changelog-master.yaml : Error parsing db/changelog/009-add-stock-market-map-fields.yaml : Unexpected node: 4)
	at liquibase.parser.core.yaml.YamlChangeLogParser.parse(YamlChangeLogParser.java:96)
	at liquibase.command.core.helpers.DatabaseChangelogCommandStep.lambda$getDatabaseChangeLog$0(DatabaseChangelogCommandStep.java:129)
	at liquibase.Scope.child(Scope.java:199)
	at liquibase.Scope.child(Scope.java:175)
	at liquibase.command.core.helpers.DatabaseChangelogCommandStep.getDatabaseChangeLog(DatabaseChangelogCommandStep.java:128)
	at liquibase.command.core.helpers.DatabaseChangelogCommandStep.run(DatabaseChangelogCommandStep.java:87)
	at liquibase.command.CommandScope.execute(CommandScope.java:219)
	... 61 common frames omitted
Caused by: liquibase.exception.SetupException: Error parsing db/changelog/009-add-stock-market-map-fields.yaml : Unexpected node: 4)
	at liquibase.changelog.DatabaseChangeLog.handleChildNode(DatabaseChangeLog.java:465)
	at liquibase.changelog.DatabaseChangeLog.load(DatabaseChangeLog.java:390)
	at liquibase.parser.core.yaml.YamlChangeLogParser.parse(YamlChangeLogParser.java:90)
	... 67 common frames omitted
Caused by: liquibase.exception.LiquibaseException: Error parsing db/changelog/009-add-stock-market-map-fields.yaml : Unexpected node: 4)
	at liquibase.changelog.DatabaseChangeLog.include(DatabaseChangeLog.java:987)
	at liquibase.changelog.DatabaseChangeLog.handleChildNode(DatabaseChangeLog.java:455)
	... 69 common frames omitted
Caused by: liquibase.exception.ChangeLogParseException: Error parsing db/changelog/009-add-stock-market-map-fields.yaml : Unexpected node: 4)
	at liquibase.parser.core.yaml.YamlChangeLogParser.parse(YamlChangeLogParser.java:96)
	at liquibase.changelog.DatabaseChangeLog.include(DatabaseChangeLog.java:959)
	... 70 common frames omitted
Caused by: liquibase.parser.core.ParsedNodeException: Unexpected node: 4)
	at liquibase.change.ColumnConfig.load(ColumnConfig.java:784)
	at liquibase.change.AddColumnConfig.load(AddColumnConfig.java:48)
	at liquibase.change.AbstractChange.load(AbstractChange.java:716)
	at liquibase.changelog.ChangeSet.toChange(ChangeSet.java:610)
	at liquibase.changelog.ChangeSet.handleChildNode(ChangeSet.java:533)
	at liquibase.changelog.ChangeSet.handleChildNode(ChangeSet.java:529)
	at liquibase.changelog.ChangeSet.load(ChangeSet.java:457)
	at liquibase.changelog.DatabaseChangeLog.createChangeSet(DatabaseChangeLog.java:1018)
	at liquibase.changelog.DatabaseChangeLog.handleChildNode(DatabaseChangeLog.java:427)
	at liquibase.changelog.DatabaseChangeLog.load(DatabaseChangeLog.java:390)
	at liquibase.parser.core.yaml.YamlChangeLogParser.parse(YamlChangeLogParser.java:90)
	... 71 common frames omitted
2026-07-01 15:33:52.768 [main] INFO  [traceId=] c.p.assistant.AssistantApplication - Starting AssistantApplication using Java 21.0.10 with PID 43432 (C:\Users\Li\Desktop\project\kiro\个人系统\personal-assistant\personal-assistant-server\target\classes started by Li in C:\Users\Li\Desktop\project\kiro\个人系统\personal-assistant\personal-assistant-server)
2026-07-01 15:33:52.774 [main] INFO  [traceId=] c.p.assistant.AssistantApplication - The following 1 profile is active: "local"
2026-07-01 15:33:58.015 [main] INFO  [traceId=] o.s.b.w.e.tomcat.TomcatWebServer - Tomcat initialized with port 8080 (http)
2026-07-01 15:33:58.061 [main] INFO  [traceId=] o.a.catalina.core.StandardService - Starting service [Tomcat]
2026-07-01 15:33:58.062 [main] INFO  [traceId=] o.a.catalina.core.StandardEngine - Starting Servlet engine: [Apache Tomcat/10.1.33]
2026-07-01 15:33:58.285 [main] INFO  [traceId=] o.a.c.c.C.[Tomcat].[localhost].[/] - Initializing Spring embedded WebApplicationContext
2026-07-01 15:33:58.286 [main] INFO  [traceId=] o.s.b.w.s.c.ServletWebServerApplicationContext - Root WebApplicationContext: initialization completed in 5366 ms
2026-07-01 15:33:59.215 [main] INFO  [traceId=] com.zaxxer.hikari.HikariDataSource - HikariPool-1 - Starting...
2026-07-01 15:33:59.552 [main] INFO  [traceId=] com.zaxxer.hikari.pool.HikariPool - HikariPool-1 - Added connection org.postgresql.jdbc.PgConnection@1c3d9e28
2026-07-01 15:33:59.557 [main] INFO  [traceId=] com.zaxxer.hikari.HikariDataSource - HikariPool-1 - Start completed.
2026-07-01 15:34:00.068 [main] INFO  [traceId=] liquibase.database - Set default schema name to public
2026-07-01 15:34:00.845 [main] INFO  [traceId=] liquibase.command - Logging exception.
2026-07-01 15:34:00.846 [main] INFO  [traceId=] liquibase.ui - ERROR: Exception Details
2026-07-01 15:34:00.847 [main] INFO  [traceId=] liquibase.ui - ERROR: Exception Primary Class:  ParsedNodeException
2026-07-01 15:34:00.847 [main] INFO  [traceId=] liquibase.ui - ERROR: Exception Primary Reason:  Unexpected node: 4)
2026-07-01 15:34:00.847 [main] INFO  [traceId=] liquibase.ui - ERROR: Exception Primary Source:  PostgreSQL 16.14
2026-07-01 15:34:00.848 [main] INFO  [traceId=] liquibase.command - Command execution complete
2026-07-01 15:34:00.854 [main] WARN  [traceId=] o.s.b.w.s.c.AnnotationConfigServletWebServerApplicationContext - Exception encountered during context initialization - cancelling refresh attempt: org.springframework.beans.factory.UnsatisfiedDependencyException: Error creating bean with name 'dataInitializer' defined in file [C:\Users\Li\Desktop\project\kiro\个人系统\personal-assistant\personal-assistant-server\target\classes\com\personal\assistant\common\config\DataInitializer.class]: Unsatisfied dependency expressed through constructor parameter 0: Error creating bean with name 'userAccountMapper' defined in file [C:\Users\Li\Desktop\project\kiro\个人系统\personal-assistant\personal-assistant-server\target\classes\com\personal\assistant\module\auth\mapper\UserAccountMapper.class]: Unsatisfied dependency expressed through bean property 'sqlSessionTemplate': Error creating bean with name 'liquibase' defined in class path resource [org/springframework/boot/autoconfigure/liquibase/LiquibaseAutoConfiguration$LiquibaseConfiguration.class]: liquibase.exception.CommandExecutionException: liquibase.exception.ChangeLogParseException: Error parsing classpath:db/changelog/db.changelog-master.yaml : Error parsing db/changelog/009-add-stock-market-map-fields.yaml : Unexpected node: 4)
2026-07-01 15:34:00.855 [main] INFO  [traceId=] com.zaxxer.hikari.HikariDataSource - HikariPool-1 - Shutdown initiated...
2026-07-01 15:34:00.862 [main] INFO  [traceId=] com.zaxxer.hikari.HikariDataSource - HikariPool-1 - Shutdown completed.
2026-07-01 15:34:00.867 [main] INFO  [traceId=] o.a.catalina.core.StandardService - Stopping service [Tomcat]
2026-07-01 15:34:00.896 [main] INFO  [traceId=] o.s.b.a.l.ConditionEvaluationReportLogger - 

Error starting ApplicationContext. To display the condition evaluation report re-run your application with 'debug' enabled.
2026-07-01 15:34:00.953 [main] ERROR [traceId=] o.s.boot.SpringApplication - Application run failed
org.springframework.beans.factory.UnsatisfiedDependencyException: Error creating bean with name 'dataInitializer' defined in file [C:\Users\Li\Desktop\project\kiro\个人系统\personal-assistant\personal-assistant-server\target\classes\com\personal\assistant\common\config\DataInitializer.class]: Unsatisfied dependency expressed through constructor parameter 0: Error creating bean with name 'userAccountMapper' defined in file [C:\Users\Li\Desktop\project\kiro\个人系统\personal-assistant\personal-assistant-server\target\classes\com\personal\assistant\module\auth\mapper\UserAccountMapper.class]: Unsatisfied dependency expressed through bean property 'sqlSessionTemplate': Error creating bean with name 'liquibase' defined in class path resource [org/springframework/boot/autoconfigure/liquibase/LiquibaseAutoConfiguration$LiquibaseConfiguration.class]: liquibase.exception.CommandExecutionException: liquibase.exception.ChangeLogParseException: Error parsing classpath:db/changelog/db.changelog-master.yaml : Error parsing db/changelog/009-add-stock-market-map-fields.yaml : Unexpected node: 4)
	at org.springframework.beans.factory.support.ConstructorResolver.createArgumentArray(ConstructorResolver.java:795)
	at org.springframework.beans.factory.support.ConstructorResolver.autowireConstructor(ConstructorResolver.java:237)
	at org.springframework.beans.factory.support.AbstractAutowireCapableBeanFactory.autowireConstructor(AbstractAutowireCapableBeanFactory.java:1375)
	at org.springframework.beans.factory.support.AbstractAutowireCapableBeanFactory.createBeanInstance(AbstractAutowireCapableBeanFactory.java:1212)
	at org.springframework.beans.factory.support.AbstractAutowireCapableBeanFactory.doCreateBean(AbstractAutowireCapableBeanFactory.java:562)
	at org.springframework.beans.factory.support.AbstractAutowireCapableBeanFactory.createBean(AbstractAutowireCapableBeanFactory.java:522)
	at org.springframework.beans.factory.support.AbstractBeanFactory.lambda$doGetBean$0(AbstractBeanFactory.java:337)
	at org.springframework.beans.factory.support.DefaultSingletonBeanRegistry.getSingleton(DefaultSingletonBeanRegistry.java:234)
	at org.springframework.beans.factory.support.AbstractBeanFactory.doGetBean(AbstractBeanFactory.java:335)
	at org.springframework.beans.factory.support.AbstractBeanFactory.getBean(AbstractBeanFactory.java:200)
	at org.springframework.beans.factory.support.DefaultListableBeanFactory.preInstantiateSingletons(DefaultListableBeanFactory.java:975)
	at org.springframework.context.support.AbstractApplicationContext.finishBeanFactoryInitialization(AbstractApplicationContext.java:971)
	at org.springframework.context.support.AbstractApplicationContext.refresh(AbstractApplicationContext.java:625)
	at org.springframework.boot.web.servlet.context.ServletWebServerApplicationContext.refresh(ServletWebServerApplicationContext.java:146)
	at org.springframework.boot.SpringApplication.refresh(SpringApplication.java:754)
	at org.springframework.boot.SpringApplication.refreshContext(SpringApplication.java:456)
	at org.springframework.boot.SpringApplication.run(SpringApplication.java:335)
	at org.springframework.boot.SpringApplication.run(SpringApplication.java:1363)
	at org.springframework.boot.SpringApplication.run(SpringApplication.java:1352)
	at com.personal.assistant.AssistantApplication.main(AssistantApplication.java:12)
Caused by: org.springframework.beans.factory.UnsatisfiedDependencyException: Error creating bean with name 'userAccountMapper' defined in file [C:\Users\Li\Desktop\project\kiro\个人系统\personal-assistant\personal-assistant-server\target\classes\com\personal\assistant\module\auth\mapper\UserAccountMapper.class]: Unsatisfied dependency expressed through bean property 'sqlSessionTemplate': Error creating bean with name 'liquibase' defined in class path resource [org/springframework/boot/autoconfigure/liquibase/LiquibaseAutoConfiguration$LiquibaseConfiguration.class]: liquibase.exception.CommandExecutionException: liquibase.exception.ChangeLogParseException: Error parsing classpath:db/changelog/db.changelog-master.yaml : Error parsing db/changelog/009-add-stock-market-map-fields.yaml : Unexpected node: 4)
	at org.springframework.beans.factory.support.AbstractAutowireCapableBeanFactory.autowireByType(AbstractAutowireCapableBeanFactory.java:1536)
	at org.springframework.beans.factory.support.AbstractAutowireCapableBeanFactory.populateBean(AbstractAutowireCapableBeanFactory.java:1430)
	at org.springframework.beans.factory.support.AbstractAutowireCapableBeanFactory.doCreateBean(AbstractAutowireCapableBeanFactory.java:599)
	at org.springframework.beans.factory.support.AbstractAutowireCapableBeanFactory.createBean(AbstractAutowireCapableBeanFactory.java:522)
	at org.springframework.beans.factory.support.AbstractBeanFactory.lambda$doGetBean$0(AbstractBeanFactory.java:337)
	at org.springframework.beans.factory.support.DefaultSingletonBeanRegistry.getSingleton(DefaultSingletonBeanRegistry.java:234)
	at org.springframework.beans.factory.support.AbstractBeanFactory.doGetBean(AbstractBeanFactory.java:335)
	at org.springframework.beans.factory.support.AbstractBeanFactory.getBean(AbstractBeanFactory.java:200)
	at org.springframework.beans.factory.config.DependencyDescriptor.resolveCandidate(DependencyDescriptor.java:254)
	at org.springframework.beans.factory.support.DefaultListableBeanFactory.doResolveDependency(DefaultListableBeanFactory.java:1443)
	at org.springframework.beans.factory.support.DefaultListableBeanFactory.resolveDependency(DefaultListableBeanFactory.java:1353)
	at org.springframework.beans.factory.support.ConstructorResolver.resolveAutowiredArgument(ConstructorResolver.java:904)
	at org.springframework.beans.factory.support.ConstructorResolver.createArgumentArray(ConstructorResolver.java:782)
	... 19 common frames omitted
Caused by: org.springframework.beans.factory.BeanCreationException: Error creating bean with name 'liquibase' defined in class path resource [org/springframework/boot/autoconfigure/liquibase/LiquibaseAutoConfiguration$LiquibaseConfiguration.class]: liquibase.exception.CommandExecutionException: liquibase.exception.ChangeLogParseException: Error parsing classpath:db/changelog/db.changelog-master.yaml : Error parsing db/changelog/009-add-stock-market-map-fields.yaml : Unexpected node: 4)
	at org.springframework.beans.factory.support.AbstractAutowireCapableBeanFactory.initializeBean(AbstractAutowireCapableBeanFactory.java:1806)
	at org.springframework.beans.factory.support.AbstractAutowireCapableBeanFactory.doCreateBean(AbstractAutowireCapableBeanFactory.java:600)
	at org.springframework.beans.factory.support.AbstractAutowireCapableBeanFactory.createBean(AbstractAutowireCapableBeanFactory.java:522)
	at org.springframework.beans.factory.support.AbstractBeanFactory.lambda$doGetBean$0(AbstractBeanFactory.java:337)
	at org.springframework.beans.factory.support.DefaultSingletonBeanRegistry.getSingleton(DefaultSingletonBeanRegistry.java:234)
	at org.springframework.beans.factory.support.AbstractBeanFactory.doGetBean(AbstractBeanFactory.java:335)
	at org.springframework.beans.factory.support.AbstractBeanFactory.getBean(AbstractBeanFactory.java:200)
	at org.springframework.beans.factory.support.AbstractBeanFactory.doGetBean(AbstractBeanFactory.java:313)
	at org.springframework.beans.factory.support.AbstractBeanFactory.getBean(AbstractBeanFactory.java:200)
	at org.springframework.beans.factory.config.DependencyDescriptor.resolveCandidate(DependencyDescriptor.java:254)
	at org.springframework.beans.factory.support.DefaultListableBeanFactory.doResolveDependency(DefaultListableBeanFactory.java:1443)
	at org.springframework.beans.factory.support.DefaultListableBeanFactory.resolveDependency(DefaultListableBeanFactory.java:1353)
	at org.springframework.beans.factory.support.AbstractAutowireCapableBeanFactory.autowireByType(AbstractAutowireCapableBeanFactory.java:1521)
	... 31 common frames omitted
Caused by: liquibase.exception.UnexpectedLiquibaseException: liquibase.exception.CommandExecutionException: liquibase.exception.ChangeLogParseException: Error parsing classpath:db/changelog/db.changelog-master.yaml : Error parsing db/changelog/009-add-stock-market-map-fields.yaml : Unexpected node: 4)
	at liquibase.integration.spring.SpringLiquibase.afterPropertiesSet(SpringLiquibase.java:259)
	at org.springframework.beans.factory.support.AbstractAutowireCapableBeanFactory.invokeInitMethods(AbstractAutowireCapableBeanFactory.java:1853)
	at org.springframework.beans.factory.support.AbstractAutowireCapableBeanFactory.initializeBean(AbstractAutowireCapableBeanFactory.java:1802)
	... 43 common frames omitted
Caused by: liquibase.exception.CommandExecutionException: liquibase.exception.ChangeLogParseException: Error parsing classpath:db/changelog/db.changelog-master.yaml : Error parsing db/changelog/009-add-stock-market-map-fields.yaml : Unexpected node: 4)
	at liquibase.command.CommandScope.execute(CommandScope.java:257)
	at liquibase.Liquibase.lambda$update$0(Liquibase.java:245)
	at liquibase.Scope.lambda$child$0(Scope.java:190)
	at liquibase.Scope.child(Scope.java:199)
	at liquibase.Scope.child(Scope.java:189)
	at liquibase.Scope.child(Scope.java:168)
	at liquibase.Liquibase.runInScope(Liquibase.java:1436)
	at liquibase.Liquibase.update(Liquibase.java:234)
	at liquibase.Liquibase.update(Liquibase.java:212)
	at liquibase.integration.spring.SpringLiquibase.performUpdate(SpringLiquibase.java:297)
	at liquibase.integration.spring.SpringLiquibase.lambda$afterPropertiesSet$0(SpringLiquibase.java:249)
	at liquibase.Scope.lambda$child$0(Scope.java:190)
	at liquibase.Scope.child(Scope.java:199)
	at liquibase.Scope.child(Scope.java:189)
	at liquibase.Scope.child(Scope.java:168)
	at liquibase.Scope.child(Scope.java:256)
	at liquibase.integration.spring.SpringLiquibase.afterPropertiesSet(SpringLiquibase.java:242)
	... 45 common frames omitted
Caused by: liquibase.exception.ChangeLogParseException: Error parsing classpath:db/changelog/db.changelog-master.yaml : Error parsing db/changelog/009-add-stock-market-map-fields.yaml : Unexpected node: 4)
	at liquibase.parser.core.yaml.YamlChangeLogParser.parse(YamlChangeLogParser.java:96)
	at liquibase.command.core.helpers.DatabaseChangelogCommandStep.lambda$getDatabaseChangeLog$0(DatabaseChangelogCommandStep.java:129)
	at liquibase.Scope.child(Scope.java:199)
	at liquibase.Scope.child(Scope.java:175)
	at liquibase.command.core.helpers.DatabaseChangelogCommandStep.getDatabaseChangeLog(DatabaseChangelogCommandStep.java:128)
	at liquibase.command.core.helpers.DatabaseChangelogCommandStep.run(DatabaseChangelogCommandStep.java:87)
	at liquibase.command.CommandScope.execute(CommandScope.java:219)
	... 61 common frames omitted
Caused by: liquibase.exception.SetupException: Error parsing db/changelog/009-add-stock-market-map-fields.yaml : Unexpected node: 4)
	at liquibase.changelog.DatabaseChangeLog.handleChildNode(DatabaseChangeLog.java:465)
	at liquibase.changelog.DatabaseChangeLog.load(DatabaseChangeLog.java:390)
	at liquibase.parser.core.yaml.YamlChangeLogParser.parse(YamlChangeLogParser.java:90)
	... 67 common frames omitted
Caused by: liquibase.exception.LiquibaseException: Error parsing db/changelog/009-add-stock-market-map-fields.yaml : Unexpected node: 4)
	at liquibase.changelog.DatabaseChangeLog.include(DatabaseChangeLog.java:987)
	at liquibase.changelog.DatabaseChangeLog.handleChildNode(DatabaseChangeLog.java:455)
	... 69 common frames omitted
Caused by: liquibase.exception.ChangeLogParseException: Error parsing db/changelog/009-add-stock-market-map-fields.yaml : Unexpected node: 4)
	at liquibase.parser.core.yaml.YamlChangeLogParser.parse(YamlChangeLogParser.java:96)
	at liquibase.changelog.DatabaseChangeLog.include(DatabaseChangeLog.java:959)
	... 70 common frames omitted
Caused by: liquibase.parser.core.ParsedNodeException: Unexpected node: 4)
	at liquibase.change.ColumnConfig.load(ColumnConfig.java:784)
	at liquibase.change.AddColumnConfig.load(AddColumnConfig.java:48)
	at liquibase.change.AbstractChange.load(AbstractChange.java:716)
	at liquibase.changelog.ChangeSet.toChange(ChangeSet.java:610)
	at liquibase.changelog.ChangeSet.handleChildNode(ChangeSet.java:533)
	at liquibase.changelog.ChangeSet.handleChildNode(ChangeSet.java:529)
	at liquibase.changelog.ChangeSet.load(ChangeSet.java:457)
	at liquibase.changelog.DatabaseChangeLog.createChangeSet(DatabaseChangeLog.java:1018)
	at liquibase.changelog.DatabaseChangeLog.handleChildNode(DatabaseChangeLog.java:427)
	at liquibase.changelog.DatabaseChangeLog.load(DatabaseChangeLog.java:390)
	at liquibase.parser.core.yaml.YamlChangeLogParser.parse(YamlChangeLogParser.java:90)
	... 71 common frames omitted
2026-07-01 15:38:36.710 [main] INFO  [traceId=] c.p.assistant.AssistantApplication - Starting AssistantApplication using Java 21.0.10 with PID 34796 (C:\Users\Li\Desktop\project\kiro\个人系统\personal-assistant\personal-assistant-server\target\classes started by Li in C:\Users\Li\Desktop\project\kiro\个人系统\personal-assistant\personal-assistant-server)
2026-07-01 15:38:36.715 [main] INFO  [traceId=] c.p.assistant.AssistantApplication - The following 1 profile is active: "local"
2026-07-01 15:38:41.721 [main] INFO  [traceId=] o.s.b.w.e.tomcat.TomcatWebServer - Tomcat initialized with port 8080 (http)
2026-07-01 15:38:41.785 [main] INFO  [traceId=] o.a.catalina.core.StandardService - Starting service [Tomcat]
2026-07-01 15:38:41.785 [main] INFO  [traceId=] o.a.catalina.core.StandardEngine - Starting Servlet engine: [Apache Tomcat/10.1.33]
2026-07-01 15:38:42.030 [main] INFO  [traceId=] o.a.c.c.C.[Tomcat].[localhost].[/] - Initializing Spring embedded WebApplicationContext
2026-07-01 15:38:42.031 [main] INFO  [traceId=] o.s.b.w.s.c.ServletWebServerApplicationContext - Root WebApplicationContext: initialization completed in 5172 ms
2026-07-01 15:38:42.907 [main] INFO  [traceId=] com.zaxxer.hikari.HikariDataSource - HikariPool-1 - Starting...
2026-07-01 15:38:43.326 [main] INFO  [traceId=] com.zaxxer.hikari.pool.HikariPool - HikariPool-1 - Added connection org.postgresql.jdbc.PgConnection@432a6a69
2026-07-01 15:38:43.330 [main] INFO  [traceId=] com.zaxxer.hikari.HikariDataSource - HikariPool-1 - Start completed.
2026-07-01 15:38:43.704 [main] INFO  [traceId=] liquibase.database - Set default schema name to public
2026-07-01 15:38:44.844 [main] INFO  [traceId=] liquibase.changelog - Reading from public.databasechangelog
2026-07-01 15:38:45.113 [main] INFO  [traceId=] liquibase.lockservice - Successfully acquired change log lock
2026-07-01 15:38:45.117 [main] INFO  [traceId=] liquibase.command - Using deploymentId: 2891525116
2026-07-01 15:38:45.122 [main] INFO  [traceId=] liquibase.changelog - Reading from public.databasechangelog
2026-07-01 15:38:45.141 [main] INFO  [traceId=] liquibase.ui - Running Changeset: db/changelog/009-add-stock-market-map-fields.yaml::009-add-stock-market-map-fields::personal-assistant
2026-07-01 15:38:45.183 [main] INFO  [traceId=] liquibase.changelog - Columns industry(varchar(100)),latest_price(numeric(18,4)),change_percent(numeric(10,4)),market_value(numeric(20,2)),quote_time(timestamp) added to stock_watch_item
2026-07-01 15:38:45.206 [main] INFO  [traceId=] liquibase.changelog - Index idx_stock_watch_market_industry created
2026-07-01 15:38:45.212 [main] INFO  [traceId=] liquibase.changelog - ChangeSet db/changelog/009-add-stock-market-map-fields.yaml::009-add-stock-market-map-fields::personal-assistant ran successfully in 68ms
2026-07-01 15:38:45.240 [main] INFO  [traceId=] liquibase.util - UPDATE SUMMARY
2026-07-01 15:38:45.240 [main] INFO  [traceId=] liquibase.util - Run:                          1
2026-07-01 15:38:45.240 [main] INFO  [traceId=] liquibase.util - Previously run:               8
2026-07-01 15:38:45.240 [main] INFO  [traceId=] liquibase.util - Filtered out:                 0
2026-07-01 15:38:45.240 [main] INFO  [traceId=] liquibase.util - -------------------------------
2026-07-01 15:38:45.240 [main] INFO  [traceId=] liquibase.util - Total change sets:            9
2026-07-01 15:38:45.243 [main] INFO  [traceId=] liquibase.util - Update summary generated
2026-07-01 15:38:45.248 [main] INFO  [traceId=] liquibase.command - Update command completed successfully.
2026-07-01 15:38:45.248 [main] INFO  [traceId=] liquibase.ui - Liquibase: Update has been successful. Rows affected: 1
2026-07-01 15:38:45.257 [main] INFO  [traceId=] liquibase.lockservice - Successfully released change log lock
2026-07-01 15:38:45.260 [main] INFO  [traceId=] liquibase.command - Command execution complete
2026-07-01 15:38:46.733 [main] INFO  [traceId=] org.quartz.impl.StdSchedulerFactory - Using default implementation for ThreadExecutor
2026-07-01 15:38:46.755 [main] INFO  [traceId=] o.quartz.core.SchedulerSignalerImpl - Initialized Scheduler Signaller of type: class org.quartz.core.SchedulerSignalerImpl
2026-07-01 15:38:46.756 [main] INFO  [traceId=] org.quartz.core.QuartzScheduler - Quartz Scheduler v.2.3.2 created.
2026-07-01 15:38:46.776 [main] INFO  [traceId=] o.s.s.quartz.LocalDataSourceJobStore - Using db table-based data access locking (synchronization).
2026-07-01 15:38:46.780 [main] INFO  [traceId=] o.s.s.quartz.LocalDataSourceJobStore - JobStoreCMT initialized.
2026-07-01 15:38:46.780 [main] INFO  [traceId=] org.quartz.core.QuartzScheduler - Scheduler meta-data: Quartz Scheduler (v2.3.2) 'PersonalAssistantScheduler' with instanceId 'NON_CLUSTERED'
  Scheduler class: 'org.quartz.core.QuartzScheduler' - running locally.
  NOT STARTED.
  Currently in standby mode.
  Number of jobs executed: 0
  Using thread pool 'org.quartz.simpl.SimpleThreadPool' - with 5 threads.
  Using job-store 'org.springframework.scheduling.quartz.LocalDataSourceJobStore' - which supports persistence. and is not clustered.

2026-07-01 15:38:46.781 [main] INFO  [traceId=] org.quartz.impl.StdSchedulerFactory - Quartz scheduler 'PersonalAssistantScheduler' initialized from an externally provided properties instance.
2026-07-01 15:38:46.781 [main] INFO  [traceId=] org.quartz.impl.StdSchedulerFactory - Quartz scheduler version: 2.3.2
2026-07-01 15:38:46.781 [main] INFO  [traceId=] org.quartz.core.QuartzScheduler - JobFactory set to: org.springframework.scheduling.quartz.SpringBeanJobFactory@4c25201
2026-07-01 15:38:47.517 [main] WARN  [traceId=] o.s.b.a.s.s.UserDetailsServiceAutoConfiguration - 

Using generated security password: b66fa183-adaf-4a06-a706-7423d98107a9

This generated password is for development use only. Your security configuration must be updated before running your application in production.

2026-07-01 15:38:47.533 [main] INFO  [traceId=] o.s.s.c.a.a.c.InitializeUserDetailsBeanManagerConfigurer$InitializeUserDetailsManagerConfigurer - Global AuthenticationManager configured with UserDetailsService bean with name inMemoryUserDetailsManager
2026-07-01 15:38:48.371 [main] INFO  [traceId=] o.s.b.a.e.web.EndpointLinksResolver - Exposing 2 endpoints beneath base path '/actuator'
2026-07-01 15:38:49.330 [main] INFO  [traceId=] o.s.b.w.e.tomcat.TomcatWebServer - Tomcat started on port 8080 (http) with context path '/'
2026-07-01 15:38:49.334 [main] INFO  [traceId=] o.s.s.quartz.SchedulerFactoryBean - Starting Quartz Scheduler now
2026-07-01 15:38:49.375 [main] INFO  [traceId=] o.s.s.quartz.LocalDataSourceJobStore - Freed 0 triggers from 'acquired' / 'blocked' state.
2026-07-01 15:38:49.384 [main] INFO  [traceId=] o.s.s.quartz.LocalDataSourceJobStore - Recovering 0 jobs that were in-progress at the time of the last shut-down.
2026-07-01 15:38:49.385 [main] INFO  [traceId=] o.s.s.quartz.LocalDataSourceJobStore - Recovery complete.
2026-07-01 15:38:49.388 [main] INFO  [traceId=] o.s.s.quartz.LocalDataSourceJobStore - Removed 0 'complete' triggers.
2026-07-01 15:38:49.390 [main] INFO  [traceId=] o.s.s.quartz.LocalDataSourceJobStore - Removed 0 stale fired job entries.
2026-07-01 15:38:49.396 [main] INFO  [traceId=] org.quartz.core.QuartzScheduler - Scheduler PersonalAssistantScheduler_$_NON_CLUSTERED started.
2026-07-01 15:38:49.422 [main] INFO  [traceId=] c.p.assistant.AssistantApplication - Started AssistantApplication in 14.544 seconds (process running for 16.676)
2026-07-01 15:38:50.308 [RMI TCP Connection(3)-192.168.0.160] INFO  [traceId=] o.a.c.c.C.[Tomcat].[localhost].[/] - Initializing Spring DispatcherServlet 'dispatcherServlet'
2026-07-01 15:38:50.309 [RMI TCP Connection(3)-192.168.0.160] INFO  [traceId=] o.s.web.servlet.DispatcherServlet - Initializing Servlet 'dispatcherServlet'
2026-07-01 15:38:50.314 [RMI TCP Connection(3)-192.168.0.160] INFO  [traceId=] o.s.web.servlet.DispatcherServlet - Completed initialization in 4 ms
2026-07-01 15:53:13.463 [main] INFO  [traceId=] c.p.assistant.AssistantApplication - Starting AssistantApplication using Java 21.0.10 with PID 33200 (C:\Users\Li\Desktop\project\kiro\个人系统\personal-assistant\personal-assistant-server\target\classes started by Li in C:\Users\Li\Desktop\project\kiro\个人系统\personal-assistant\personal-assistant-server)
2026-07-01 15:53:13.469 [main] INFO  [traceId=] c.p.assistant.AssistantApplication - The following 1 profile is active: "local"
2026-07-01 15:53:17.580 [main] INFO  [traceId=] o.s.b.w.e.tomcat.TomcatWebServer - Tomcat initialized with port 8080 (http)
2026-07-01 15:53:17.612 [main] INFO  [traceId=] o.a.catalina.core.StandardService - Starting service [Tomcat]
2026-07-01 15:53:17.613 [main] INFO  [traceId=] o.a.catalina.core.StandardEngine - Starting Servlet engine: [Apache Tomcat/10.1.33]
2026-07-01 15:53:17.860 [main] INFO  [traceId=] o.a.c.c.C.[Tomcat].[localhost].[/] - Initializing Spring embedded WebApplicationContext
2026-07-01 15:53:17.861 [main] INFO  [traceId=] o.s.b.w.s.c.ServletWebServerApplicationContext - Root WebApplicationContext: initialization completed in 4261 ms
2026-07-01 15:53:18.857 [main] INFO  [traceId=] com.zaxxer.hikari.HikariDataSource - HikariPool-1 - Starting...
2026-07-01 15:53:19.192 [main] INFO  [traceId=] com.zaxxer.hikari.pool.HikariPool - HikariPool-1 - Added connection org.postgresql.jdbc.PgConnection@151a6598
2026-07-01 15:53:19.198 [main] INFO  [traceId=] com.zaxxer.hikari.HikariDataSource - HikariPool-1 - Start completed.
2026-07-01 15:53:19.507 [main] INFO  [traceId=] liquibase.database - Set default schema name to public
2026-07-01 15:53:20.412 [main] INFO  [traceId=] liquibase.changelog - Reading from public.databasechangelog
2026-07-01 15:53:20.558 [main] INFO  [traceId=] liquibase.ui - Database is up to date, no changesets to execute
2026-07-01 15:53:20.562 [main] INFO  [traceId=] liquibase.changelog - Reading from public.databasechangelog
2026-07-01 15:53:20.583 [main] INFO  [traceId=] liquibase.util - UPDATE SUMMARY
2026-07-01 15:53:20.583 [main] INFO  [traceId=] liquibase.util - Run:                          0
2026-07-01 15:53:20.583 [main] INFO  [traceId=] liquibase.util - Previously run:               9
2026-07-01 15:53:20.583 [main] INFO  [traceId=] liquibase.util - Filtered out:                 0
2026-07-01 15:53:20.583 [main] INFO  [traceId=] liquibase.util - -------------------------------
2026-07-01 15:53:20.584 [main] INFO  [traceId=] liquibase.util - Total change sets:            9
2026-07-01 15:53:20.585 [main] INFO  [traceId=] liquibase.util - Update summary generated
2026-07-01 15:53:20.654 [main] INFO  [traceId=] liquibase.lockservice - Successfully released change log lock
2026-07-01 15:53:20.659 [main] INFO  [traceId=] liquibase.command - Command execution complete
2026-07-01 15:53:22.338 [main] INFO  [traceId=] org.quartz.impl.StdSchedulerFactory - Using default implementation for ThreadExecutor
2026-07-01 15:53:22.370 [main] INFO  [traceId=] o.quartz.core.SchedulerSignalerImpl - Initialized Scheduler Signaller of type: class org.quartz.core.SchedulerSignalerImpl
2026-07-01 15:53:22.371 [main] INFO  [traceId=] org.quartz.core.QuartzScheduler - Quartz Scheduler v.2.3.2 created.
2026-07-01 15:53:22.398 [main] INFO  [traceId=] o.s.s.quartz.LocalDataSourceJobStore - Using db table-based data access locking (synchronization).
2026-07-01 15:53:22.403 [main] INFO  [traceId=] o.s.s.quartz.LocalDataSourceJobStore - JobStoreCMT initialized.
2026-07-01 15:53:22.405 [main] INFO  [traceId=] org.quartz.core.QuartzScheduler - Scheduler meta-data: Quartz Scheduler (v2.3.2) 'PersonalAssistantScheduler' with instanceId 'NON_CLUSTERED'
  Scheduler class: 'org.quartz.core.QuartzScheduler' - running locally.
  NOT STARTED.
  Currently in standby mode.
  Number of jobs executed: 0
  Using thread pool 'org.quartz.simpl.SimpleThreadPool' - with 5 threads.
  Using job-store 'org.springframework.scheduling.quartz.LocalDataSourceJobStore' - which supports persistence. and is not clustered.

2026-07-01 15:53:22.405 [main] INFO  [traceId=] org.quartz.impl.StdSchedulerFactory - Quartz scheduler 'PersonalAssistantScheduler' initialized from an externally provided properties instance.
2026-07-01 15:53:22.405 [main] INFO  [traceId=] org.quartz.impl.StdSchedulerFactory - Quartz scheduler version: 2.3.2
2026-07-01 15:53:22.405 [main] INFO  [traceId=] org.quartz.core.QuartzScheduler - JobFactory set to: org.springframework.scheduling.quartz.SpringBeanJobFactory@8113ea7
2026-07-01 15:53:22.996 [main] WARN  [traceId=] o.s.b.a.s.s.UserDetailsServiceAutoConfiguration - 

Using generated security password: 9892a07c-aeb1-41c8-8ff4-8d823b0d5b89

This generated password is for development use only. Your security configuration must be updated before running your application in production.

2026-07-01 15:53:23.018 [main] INFO  [traceId=] o.s.s.c.a.a.c.InitializeUserDetailsBeanManagerConfigurer$InitializeUserDetailsManagerConfigurer - Global AuthenticationManager configured with UserDetailsService bean with name inMemoryUserDetailsManager
2026-07-01 15:53:23.680 [main] INFO  [traceId=] o.s.b.a.e.web.EndpointLinksResolver - Exposing 2 endpoints beneath base path '/actuator'
2026-07-01 15:53:24.519 [main] INFO  [traceId=] o.s.b.w.e.tomcat.TomcatWebServer - Tomcat started on port 8080 (http) with context path '/'
2026-07-01 15:53:24.521 [main] INFO  [traceId=] o.s.s.quartz.SchedulerFactoryBean - Starting Quartz Scheduler now
2026-07-01 15:53:24.550 [main] INFO  [traceId=] o.s.s.quartz.LocalDataSourceJobStore - Freed 0 triggers from 'acquired' / 'blocked' state.
2026-07-01 15:53:24.560 [main] INFO  [traceId=] o.s.s.quartz.LocalDataSourceJobStore - Recovering 0 jobs that were in-progress at the time of the last shut-down.
2026-07-01 15:53:24.560 [main] INFO  [traceId=] o.s.s.quartz.LocalDataSourceJobStore - Recovery complete.
2026-07-01 15:53:24.563 [main] INFO  [traceId=] o.s.s.quartz.LocalDataSourceJobStore - Removed 0 'complete' triggers.
2026-07-01 15:53:24.566 [main] INFO  [traceId=] o.s.s.quartz.LocalDataSourceJobStore - Removed 0 stale fired job entries.
2026-07-01 15:53:24.572 [main] INFO  [traceId=] org.quartz.core.QuartzScheduler - Scheduler PersonalAssistantScheduler_$_NON_CLUSTERED started.
2026-07-01 15:53:24.594 [main] INFO  [traceId=] c.p.assistant.AssistantApplication - Started AssistantApplication in 12.754 seconds (process running for 14.78)
2026-07-01 15:53:25.163 [RMI TCP Connection(8)-192.168.0.160] INFO  [traceId=] o.a.c.c.C.[Tomcat].[localhost].[/] - Initializing Spring DispatcherServlet 'dispatcherServlet'
2026-07-01 15:53:25.164 [RMI TCP Connection(8)-192.168.0.160] INFO  [traceId=] o.s.web.servlet.DispatcherServlet - Initializing Servlet 'dispatcherServlet'
2026-07-01 15:53:25.167 [RMI TCP Connection(8)-192.168.0.160] INFO  [traceId=] o.s.web.servlet.DispatcherServlet - Completed initialization in 3 ms
2026-07-01 17:59:51.536 [HikariPool-1 housekeeper] WARN  [traceId=] com.zaxxer.hikari.pool.HikariPool - HikariPool-1 - Thread starvation or clock leap detected (housekeeper delta=16m30s712ms620µs100ns).
2026-07-01 19:59:12.268 [HikariPool-1 housekeeper] WARN  [traceId=] com.zaxxer.hikari.pool.HikariPool - HikariPool-1 - Thread starvation or clock leap detected (housekeeper delta=1m19s143ms3µs200ns).
