2026-06-29 18:13:50.367 [main] INFO  [traceId=] c.p.assistant.AssistantApplication - Starting AssistantApplication v0.0.1-SNAPSHOT using Java 17.0.19 with PID 41884 (C:\Users\Li\Desktop\project\kiro\个人系统\personal-assistant\personal-assistant-server\target\personal-assistant-server-0.0.1-SNAPSHOT.jar started by Li in C:\Users\Li\Desktop\project\kiro\个人系统\personal-assistant\personal-assistant-server)
2026-06-29 18:13:50.383 [main] INFO  [traceId=] c.p.assistant.AssistantApplication - The following 1 profile is active: "prod"
2026-06-29 18:13:58.813 [main] INFO  [traceId=] o.s.b.w.e.tomcat.TomcatWebServer - Tomcat initialized with port 8080 (http)
2026-06-29 18:13:58.875 [main] INFO  [traceId=] o.a.catalina.core.StandardService - Starting service [Tomcat]
2026-06-29 18:13:58.878 [main] INFO  [traceId=] o.a.catalina.core.StandardEngine - Starting Servlet engine: [Apache Tomcat/10.1.33]
2026-06-29 18:13:59.069 [main] INFO  [traceId=] o.a.c.c.C.[Tomcat].[localhost].[/] - Initializing Spring embedded WebApplicationContext
2026-06-29 18:13:59.080 [main] INFO  [traceId=] o.s.b.w.s.c.ServletWebServerApplicationContext - Root WebApplicationContext: initialization completed in 8531 ms
2026-06-29 18:14:04.417 [main] INFO  [traceId=] com.zaxxer.hikari.HikariDataSource - HikariPool-1 - Starting...
2026-06-29 18:14:05.252 [main] INFO  [traceId=] com.zaxxer.hikari.pool.HikariPool - HikariPool-1 - Added connection org.postgresql.jdbc.PgConnection@48fc0211
2026-06-29 18:14:05.261 [main] INFO  [traceId=] com.zaxxer.hikari.HikariDataSource - HikariPool-1 - Start completed.
2026-06-29 18:14:06.254 [main] INFO  [traceId=] liquibase.database - Set default schema name to public
2026-06-29 18:14:07.935 [main] INFO  [traceId=] liquibase.changelog - Creating database history table with name: public.databasechangelog
2026-06-29 18:14:08.120 [main] INFO  [traceId=] liquibase.changelog - Reading from public.databasechangelog
2026-06-29 18:14:08.545 [main] INFO  [traceId=] liquibase.lockservice - Successfully acquired change log lock
2026-06-29 18:14:08.552 [main] INFO  [traceId=] liquibase.command - Using deploymentId: 2728048551
2026-06-29 18:14:08.560 [main] INFO  [traceId=] liquibase.changelog - Reading from public.databasechangelog
2026-06-29 18:14:08.770 [main] INFO  [traceId=] liquibase.ui - Running Changeset: db/changelog/001-create-user-account.yaml::001-create-user-account::assistant
2026-06-29 18:14:08.915 [main] INFO  [traceId=] liquibase.changelog - Table user_account created
2026-06-29 18:14:08.942 [main] INFO  [traceId=] liquibase.changelog - ChangeSet db/changelog/001-create-user-account.yaml::001-create-user-account::assistant ran successfully in 167ms
2026-06-29 18:14:08.973 [main] INFO  [traceId=] liquibase.ui - Running Changeset: db/changelog/002-create-quick-note.yaml::002-create-quick-note::assistant
2026-06-29 18:14:09.009 [main] INFO  [traceId=] liquibase.changelog - Table quick_note created
2026-06-29 18:14:09.021 [main] INFO  [traceId=] liquibase.changelog - Index idx_quick_note_user_status created
2026-06-29 18:14:09.028 [main] INFO  [traceId=] liquibase.changelog - ChangeSet db/changelog/002-create-quick-note.yaml::002-create-quick-note::assistant ran successfully in 54ms
2026-06-29 18:14:09.044 [main] INFO  [traceId=] liquibase.ui - Running Changeset: db/changelog/003-create-quartz-tables.yaml::003-create-quartz-tables::assistant
2026-06-29 18:14:09.675 [main] INFO  [traceId=] liquibase.changelog - SQL in file db/changelog/sql/quartz-postgres.sql executed
2026-06-29 18:14:09.692 [main] INFO  [traceId=] liquibase.changelog - ChangeSet db/changelog/003-create-quartz-tables.yaml::003-create-quartz-tables::assistant ran successfully in 645ms
2026-06-29 18:14:09.723 [main] INFO  [traceId=] liquibase.ui - Running Changeset: db/changelog/004-create-task-module.yaml::004-create-task-module::personal-assistant
2026-06-29 18:14:09.761 [main] INFO  [traceId=] liquibase.changelog - Table task_item created
2026-06-29 18:14:09.775 [main] INFO  [traceId=] liquibase.changelog - Index idx_task_user_type_status created
2026-06-29 18:14:09.793 [main] INFO  [traceId=] liquibase.changelog - Table life_item_detail created
2026-06-29 18:14:09.817 [main] INFO  [traceId=] liquibase.changelog - Table work_item_detail created
2026-06-29 18:14:09.851 [main] INFO  [traceId=] liquibase.changelog - Table work_review created
2026-06-29 18:14:09.860 [main] INFO  [traceId=] liquibase.changelog - ChangeSet db/changelog/004-create-task-module.yaml::004-create-task-module::personal-assistant ran successfully in 136ms
2026-06-29 18:14:09.881 [main] INFO  [traceId=] liquibase.ui - Running Changeset: db/changelog/005-create-learning-module.yaml::005-create-learning-module::personal-assistant
2026-06-29 18:14:09.929 [main] INFO  [traceId=] liquibase.changelog - Table learning_plan created
2026-06-29 18:14:09.945 [main] INFO  [traceId=] liquibase.changelog - Index idx_learning_plan_user_status created
2026-06-29 18:14:09.980 [main] INFO  [traceId=] liquibase.changelog - Table learning_record created
2026-06-29 18:14:10.026 [main] INFO  [traceId=] liquibase.changelog - Table learning_summary created
2026-06-29 18:14:10.037 [main] INFO  [traceId=] liquibase.changelog - ChangeSet db/changelog/005-create-learning-module.yaml::005-create-learning-module::personal-assistant ran successfully in 155ms
2026-06-29 18:14:10.055 [main] INFO  [traceId=] liquibase.ui - Running Changeset: db/changelog/006-create-reminder-scheduler.yaml::006-create-reminder-scheduler::personal-assistant
2026-06-29 18:14:10.138 [main] INFO  [traceId=] liquibase.changelog - Table notification_channel created
2026-06-29 18:14:10.176 [main] INFO  [traceId=] liquibase.changelog - Table reminder created
2026-06-29 18:14:10.188 [main] INFO  [traceId=] liquibase.changelog - Index idx_reminder_due created
2026-06-29 18:14:10.224 [main] INFO  [traceId=] liquibase.changelog - Table notification_log created
2026-06-29 18:14:10.375 [main] INFO  [traceId=] liquibase.changelog - Table scheduler_job created
2026-06-29 18:14:10.447 [main] INFO  [traceId=] liquibase.changelog - Table scheduler_job_log created
2026-06-29 18:14:10.464 [main] INFO  [traceId=] liquibase.changelog - ChangeSet db/changelog/006-create-reminder-scheduler.yaml::006-create-reminder-scheduler::personal-assistant ran successfully in 406ms
2026-06-29 18:14:10.486 [main] INFO  [traceId=] liquibase.ui - Running Changeset: db/changelog/007-create-stock-module.yaml::007-create-stock-module::personal-assistant
2026-06-29 18:14:10.525 [main] INFO  [traceId=] liquibase.changelog - Table stock_watch_item created
2026-06-29 18:14:10.540 [main] INFO  [traceId=] liquibase.changelog - Unique constraint added to stock_watch_item(user_id, stock_code, market)
2026-06-29 18:14:10.584 [main] INFO  [traceId=] liquibase.changelog - Table stock_api_config created
2026-06-29 18:14:10.611 [main] INFO  [traceId=] liquibase.changelog - Table stock_collection_result created
2026-06-29 18:14:10.622 [main] INFO  [traceId=] liquibase.changelog - Index idx_stock_result_watch_time created
2026-06-29 18:14:10.637 [main] INFO  [traceId=] liquibase.changelog - ChangeSet db/changelog/007-create-stock-module.yaml::007-create-stock-module::personal-assistant ran successfully in 150ms
2026-06-29 18:14:10.666 [main] INFO  [traceId=] liquibase.ui - Running Changeset: db/changelog/008-create-backup-record.yaml::008-create-backup-record::personal-assistant
2026-06-29 18:14:10.730 [main] INFO  [traceId=] liquibase.changelog - Table backup_record created
2026-06-29 18:14:10.735 [main] INFO  [traceId=] liquibase.changelog - ChangeSet db/changelog/008-create-backup-record.yaml::008-create-backup-record::personal-assistant ran successfully in 68ms
2026-06-29 18:14:10.758 [main] INFO  [traceId=] liquibase.util - UPDATE SUMMARY
2026-06-29 18:14:10.760 [main] INFO  [traceId=] liquibase.util - Run:                          8
2026-06-29 18:14:10.761 [main] INFO  [traceId=] liquibase.util - Previously run:               0
2026-06-29 18:14:10.762 [main] INFO  [traceId=] liquibase.util - Filtered out:                 0
2026-06-29 18:14:10.764 [main] INFO  [traceId=] liquibase.util - -------------------------------
2026-06-29 18:14:10.765 [main] INFO  [traceId=] liquibase.util - Total change sets:            8
2026-06-29 18:14:10.767 [main] INFO  [traceId=] liquibase.util - Update summary generated
2026-06-29 18:14:10.775 [main] INFO  [traceId=] liquibase.command - Update command completed successfully.
2026-06-29 18:14:10.776 [main] INFO  [traceId=] liquibase.ui - Liquibase: Update has been successful. Rows affected: 8
2026-06-29 18:14:10.788 [main] INFO  [traceId=] liquibase.lockservice - Successfully released change log lock
2026-06-29 18:14:10.794 [main] INFO  [traceId=] liquibase.command - Command execution complete
2026-06-29 18:14:12.976 [main] INFO  [traceId=] org.quartz.impl.StdSchedulerFactory - Using default implementation for ThreadExecutor
2026-06-29 18:14:13.015 [main] INFO  [traceId=] o.quartz.core.SchedulerSignalerImpl - Initialized Scheduler Signaller of type: class org.quartz.core.SchedulerSignalerImpl
2026-06-29 18:14:13.017 [main] INFO  [traceId=] org.quartz.core.QuartzScheduler - Quartz Scheduler v.2.3.2 created.
2026-06-29 18:14:13.055 [main] INFO  [traceId=] o.s.s.quartz.LocalDataSourceJobStore - Using db table-based data access locking (synchronization).
2026-06-29 18:14:13.061 [main] INFO  [traceId=] o.s.s.quartz.LocalDataSourceJobStore - JobStoreCMT initialized.
2026-06-29 18:14:13.065 [main] INFO  [traceId=] org.quartz.core.QuartzScheduler - Scheduler meta-data: Quartz Scheduler (v2.3.2) 'PersonalAssistantScheduler' with instanceId 'NON_CLUSTERED'
  Scheduler class: 'org.quartz.core.QuartzScheduler' - running locally.
  NOT STARTED.
  Currently in standby mode.
  Number of jobs executed: 0
  Using thread pool 'org.quartz.simpl.SimpleThreadPool' - with 5 threads.
  Using job-store 'org.springframework.scheduling.quartz.LocalDataSourceJobStore' - which supports persistence. and is not clustered.

2026-06-29 18:14:13.066 [main] INFO  [traceId=] org.quartz.impl.StdSchedulerFactory - Quartz scheduler 'PersonalAssistantScheduler' initialized from an externally provided properties instance.
2026-06-29 18:14:13.067 [main] INFO  [traceId=] org.quartz.impl.StdSchedulerFactory - Quartz scheduler version: 2.3.2
2026-06-29 18:14:13.068 [main] INFO  [traceId=] org.quartz.core.QuartzScheduler - JobFactory set to: org.springframework.scheduling.quartz.SpringBeanJobFactory@263e512e
2026-06-29 18:14:14.049 [main] WARN  [traceId=] o.s.b.a.s.s.UserDetailsServiceAutoConfiguration - 

Using generated security password: 58b695ea-b747-466f-835f-81acd63d32ae

This generated password is for development use only. Your security configuration must be updated before running your application in production.

2026-06-29 18:14:14.077 [main] INFO  [traceId=] o.s.s.c.a.a.c.InitializeUserDetailsBeanManagerConfigurer$InitializeUserDetailsManagerConfigurer - Global AuthenticationManager configured with UserDetailsService bean with name inMemoryUserDetailsManager
2026-06-29 18:14:14.526 [main] WARN  [traceId=] o.s.b.w.s.c.AnnotationConfigServletWebServerApplicationContext - Exception encountered during context initialization - cancelling refresh attempt: org.springframework.beans.factory.BeanCreationException: Error creating bean with name 'securityFilterChain' defined in class path resource [com/personal/assistant/common/config/SecurityConfig.class]: Failed to instantiate [org.springframework.security.web.SecurityFilterChain]: Factory method 'securityFilterChain' threw exception with message: Error creating bean with name 'mvcHandlerMappingIntrospector' defined in class path resource [org/springframework/boot/autoconfigure/web/servlet/WebMvcAutoConfiguration$EnableWebMvcConfiguration.class]: Error creating bean with name 'requestMappingHandlerMapping' defined in class path resource [org/springframework/boot/autoconfigure/web/servlet/WebMvcAutoConfiguration$EnableWebMvcConfiguration.class]: Ambiguous mapping. Cannot map 'systemHealthController' method 
com.personal.assistant.module.system.controller.SystemHealthController#health()
to {GET [/api/system/health]}: There is already 'systemController' bean method
com.personal.assistant.module.system.controller.SystemController#health() mapped.
2026-06-29 18:14:14.529 [main] INFO  [traceId=] o.s.s.quartz.SchedulerFactoryBean - Shutting down Quartz Scheduler
2026-06-29 18:14:14.531 [main] INFO  [traceId=] org.quartz.core.QuartzScheduler - Scheduler PersonalAssistantScheduler_$_NON_CLUSTERED shutting down.
2026-06-29 18:14:14.531 [main] INFO  [traceId=] org.quartz.core.QuartzScheduler - Scheduler PersonalAssistantScheduler_$_NON_CLUSTERED paused.
2026-06-29 18:14:14.534 [main] INFO  [traceId=] org.quartz.core.QuartzScheduler - Scheduler PersonalAssistantScheduler_$_NON_CLUSTERED shutdown complete.
2026-06-29 18:14:14.536 [main] INFO  [traceId=] com.zaxxer.hikari.HikariDataSource - HikariPool-1 - Shutdown initiated...
2026-06-29 18:14:14.559 [main] INFO  [traceId=] com.zaxxer.hikari.HikariDataSource - HikariPool-1 - Shutdown completed.
2026-06-29 18:14:14.568 [main] INFO  [traceId=] o.a.catalina.core.StandardService - Stopping service [Tomcat]
2026-06-29 18:14:14.614 [main] INFO  [traceId=] o.s.b.a.l.ConditionEvaluationReportLogger - 

Error starting ApplicationContext. To display the condition evaluation report re-run your application with 'debug' enabled.
2026-06-29 18:14:14.668 [main] ERROR [traceId=] o.s.boot.SpringApplication - Application run failed
org.springframework.beans.factory.BeanCreationException: Error creating bean with name 'securityFilterChain' defined in class path resource [com/personal/assistant/common/config/SecurityConfig.class]: Failed to instantiate [org.springframework.security.web.SecurityFilterChain]: Factory method 'securityFilterChain' threw exception with message: Error creating bean with name 'mvcHandlerMappingIntrospector' defined in class path resource [org/springframework/boot/autoconfigure/web/servlet/WebMvcAutoConfiguration$EnableWebMvcConfiguration.class]: Error creating bean with name 'requestMappingHandlerMapping' defined in class path resource [org/springframework/boot/autoconfigure/web/servlet/WebMvcAutoConfiguration$EnableWebMvcConfiguration.class]: Ambiguous mapping. Cannot map 'systemHealthController' method 
com.personal.assistant.module.system.controller.SystemHealthController#health()
to {GET [/api/system/health]}: There is already 'systemController' bean method
com.personal.assistant.module.system.controller.SystemController#health() mapped.
	at org.springframework.beans.factory.support.ConstructorResolver.instantiate(ConstructorResolver.java:648)
	at org.springframework.beans.factory.support.ConstructorResolver.instantiateUsingFactoryMethod(ConstructorResolver.java:636)
	at org.springframework.beans.factory.support.AbstractAutowireCapableBeanFactory.instantiateUsingFactoryMethod(AbstractAutowireCapableBeanFactory.java:1355)
	at org.springframework.beans.factory.support.AbstractAutowireCapableBeanFactory.createBeanInstance(AbstractAutowireCapableBeanFactory.java:1185)
	at org.springframework.beans.factory.support.AbstractAutowireCapableBeanFactory.doCreateBean(AbstractAutowireCapableBeanFactory.java:562)
	at org.springframework.beans.factory.support.AbstractAutowireCapableBeanFactory.createBean(AbstractAutowireCapableBeanFactory.java:522)
	at org.springframework.beans.factory.support.AbstractBeanFactory.lambda$doGetBean$0(AbstractBeanFactory.java:337)
	at org.springframework.beans.factory.support.DefaultSingletonBeanRegistry.getSingleton(DefaultSingletonBeanRegistry.java:234)
	at org.springframework.beans.factory.support.AbstractBeanFactory.doGetBean(AbstractBeanFactory.java:335)
	at org.springframework.beans.factory.support.AbstractBeanFactory.getBean(AbstractBeanFactory.java:200)
	at org.springframework.beans.factory.support.DefaultListableBeanFactory.preInstantiateSingletons(DefaultListableBeanFactory.java:975)
	at org.springframework.context.support.AbstractApplicationContext.finishBeanFactoryInitialization(AbstractApplicationContext.java:971)
	at org.springframework.context.support.AbstractApplicationContext.refresh(AbstractApplicationContext.java:625)
	at org.springframework.boot.web.servlet.context.ServletWebServerApplicationContext.refresh(ServletWebServerApplicationContext.java:146)
	at org.springframework.boot.SpringApplication.refresh(SpringApplication.java:754)
	at org.springframework.boot.SpringApplication.refreshContext(SpringApplication.java:456)
	at org.springframework.boot.SpringApplication.run(SpringApplication.java:335)
	at org.springframework.boot.SpringApplication.run(SpringApplication.java:1363)
	at org.springframework.boot.SpringApplication.run(SpringApplication.java:1352)
	at com.personal.assistant.AssistantApplication.main(AssistantApplication.java:12)
	at java.base/jdk.internal.reflect.NativeMethodAccessorImpl.invoke0(Native Method)
	at java.base/jdk.internal.reflect.NativeMethodAccessorImpl.invoke(NativeMethodAccessorImpl.java:77)
	at java.base/jdk.internal.reflect.DelegatingMethodAccessorImpl.invoke(DelegatingMethodAccessorImpl.java:43)
	at java.base/java.lang.reflect.Method.invoke(Method.java:569)
	at org.springframework.boot.loader.launch.Launcher.launch(Launcher.java:102)
	at org.springframework.boot.loader.launch.Launcher.launch(Launcher.java:64)
	at org.springframework.boot.loader.launch.JarLauncher.main(JarLauncher.java:40)
Caused by: org.springframework.beans.BeanInstantiationException: Failed to instantiate [org.springframework.security.web.SecurityFilterChain]: Factory method 'securityFilterChain' threw exception with message: Error creating bean with name 'mvcHandlerMappingIntrospector' defined in class path resource [org/springframework/boot/autoconfigure/web/servlet/WebMvcAutoConfiguration$EnableWebMvcConfiguration.class]: Error creating bean with name 'requestMappingHandlerMapping' defined in class path resource [org/springframework/boot/autoconfigure/web/servlet/WebMvcAutoConfiguration$EnableWebMvcConfiguration.class]: Ambiguous mapping. Cannot map 'systemHealthController' method 
com.personal.assistant.module.system.controller.SystemHealthController#health()
to {GET [/api/system/health]}: There is already 'systemController' bean method
com.personal.assistant.module.system.controller.SystemController#health() mapped.
	at org.springframework.beans.factory.support.SimpleInstantiationStrategy.instantiate(SimpleInstantiationStrategy.java:178)
	at org.springframework.beans.factory.support.ConstructorResolver.instantiate(ConstructorResolver.java:644)
	... 26 common frames omitted
Caused by: org.springframework.beans.factory.BeanCreationException: Error creating bean with name 'mvcHandlerMappingIntrospector' defined in class path resource [org/springframework/boot/autoconfigure/web/servlet/WebMvcAutoConfiguration$EnableWebMvcConfiguration.class]: Error creating bean with name 'requestMappingHandlerMapping' defined in class path resource [org/springframework/boot/autoconfigure/web/servlet/WebMvcAutoConfiguration$EnableWebMvcConfiguration.class]: Ambiguous mapping. Cannot map 'systemHealthController' method 
com.personal.assistant.module.system.controller.SystemHealthController#health()
to {GET [/api/system/health]}: There is already 'systemController' bean method
com.personal.assistant.module.system.controller.SystemController#health() mapped.
	at org.springframework.beans.factory.support.AbstractAutowireCapableBeanFactory.initializeBean(AbstractAutowireCapableBeanFactory.java:1806)
	at org.springframework.beans.factory.support.AbstractAutowireCapableBeanFactory.doCreateBean(AbstractAutowireCapableBeanFactory.java:600)
	at org.springframework.beans.factory.support.AbstractAutowireCapableBeanFactory.createBean(AbstractAutowireCapableBeanFactory.java:522)
	at org.springframework.beans.factory.support.AbstractBeanFactory.lambda$doGetBean$0(AbstractBeanFactory.java:337)
	at org.springframework.beans.factory.support.DefaultSingletonBeanRegistry.getSingleton(DefaultSingletonBeanRegistry.java:234)
	at org.springframework.beans.factory.support.AbstractBeanFactory.doGetBean(AbstractBeanFactory.java:335)
	at org.springframework.beans.factory.support.AbstractBeanFactory.getBean(AbstractBeanFactory.java:205)
	at org.springframework.context.support.AbstractApplicationContext.getBean(AbstractApplicationContext.java:1249)
	at org.springframework.security.config.annotation.web.AbstractRequestMatcherRegistry.createMvcMatchers(AbstractRequestMatcherRegistry.java:122)
	at org.springframework.security.config.annotation.web.AbstractRequestMatcherRegistry.requestMatchers(AbstractRequestMatcherRegistry.java:212)
	at org.springframework.security.config.annotation.web.AbstractRequestMatcherRegistry.requestMatchers(AbstractRequestMatcherRegistry.java:350)
	at com.personal.assistant.common.config.SecurityConfig.lambda$securityFilterChain$1(SecurityConfig.java:46)
	at org.springframework.security.config.annotation.web.builders.HttpSecurity.authorizeHttpRequests(HttpSecurity.java:1467)
	at com.personal.assistant.common.config.SecurityConfig.securityFilterChain(SecurityConfig.java:45)
	at com.personal.assistant.common.config.SecurityConfig$$SpringCGLIB$$0.CGLIB$securityFilterChain$1(<generated>)
	at com.personal.assistant.common.config.SecurityConfig$$SpringCGLIB$$FastClass$$1.invoke(<generated>)
	at org.springframework.cglib.proxy.MethodProxy.invokeSuper(MethodProxy.java:258)
	at org.springframework.context.annotation.ConfigurationClassEnhancer$BeanMethodInterceptor.intercept(ConfigurationClassEnhancer.java:348)
	at com.personal.assistant.common.config.SecurityConfig$$SpringCGLIB$$0.securityFilterChain(<generated>)
	at java.base/jdk.internal.reflect.NativeMethodAccessorImpl.invoke0(Native Method)
	at java.base/jdk.internal.reflect.NativeMethodAccessorImpl.invoke(NativeMethodAccessorImpl.java:77)
	at java.base/jdk.internal.reflect.DelegatingMethodAccessorImpl.invoke(DelegatingMethodAccessorImpl.java:43)
	at java.base/java.lang.reflect.Method.invoke(Method.java:569)
	at org.springframework.beans.factory.support.SimpleInstantiationStrategy.instantiate(SimpleInstantiationStrategy.java:146)
	... 27 common frames omitted
Caused by: org.springframework.beans.factory.BeanCreationException: Error creating bean with name 'requestMappingHandlerMapping' defined in class path resource [org/springframework/boot/autoconfigure/web/servlet/WebMvcAutoConfiguration$EnableWebMvcConfiguration.class]: Ambiguous mapping. Cannot map 'systemHealthController' method 
com.personal.assistant.module.system.controller.SystemHealthController#health()
to {GET [/api/system/health]}: There is already 'systemController' bean method
com.personal.assistant.module.system.controller.SystemController#health() mapped.
	at org.springframework.beans.factory.support.AbstractAutowireCapableBeanFactory.initializeBean(AbstractAutowireCapableBeanFactory.java:1806)
	at org.springframework.beans.factory.support.AbstractAutowireCapableBeanFactory.doCreateBean(AbstractAutowireCapableBeanFactory.java:600)
	at org.springframework.beans.factory.support.AbstractAutowireCapableBeanFactory.createBean(AbstractAutowireCapableBeanFactory.java:522)
	at org.springframework.beans.factory.support.AbstractBeanFactory.lambda$doGetBean$0(AbstractBeanFactory.java:337)
	at org.springframework.beans.factory.support.DefaultSingletonBeanRegistry.getSingleton(DefaultSingletonBeanRegistry.java:234)
	at org.springframework.beans.factory.support.AbstractBeanFactory.doGetBean(AbstractBeanFactory.java:335)
	at org.springframework.beans.factory.support.AbstractBeanFactory.getBean(AbstractBeanFactory.java:200)
	at org.springframework.beans.factory.support.DefaultListableBeanFactory.getBeansOfType(DefaultListableBeanFactory.java:665)
	at org.springframework.context.support.AbstractApplicationContext.getBeansOfType(AbstractApplicationContext.java:1397)
	at org.springframework.beans.factory.BeanFactoryUtils.beansOfTypeIncludingAncestors(BeanFactoryUtils.java:368)
	at org.springframework.web.servlet.handler.HandlerMappingIntrospector.initHandlerMappings(HandlerMappingIntrospector.java:130)
	at org.springframework.web.servlet.handler.HandlerMappingIntrospector.afterPropertiesSet(HandlerMappingIntrospector.java:118)
	at org.springframework.beans.factory.support.AbstractAutowireCapableBeanFactory.invokeInitMethods(AbstractAutowireCapableBeanFactory.java:1853)
	at org.springframework.beans.factory.support.AbstractAutowireCapableBeanFactory.initializeBean(AbstractAutowireCapableBeanFactory.java:1802)
	... 50 common frames omitted
Caused by: java.lang.IllegalStateException: Ambiguous mapping. Cannot map 'systemHealthController' method 
com.personal.assistant.module.system.controller.SystemHealthController#health()
to {GET [/api/system/health]}: There is already 'systemController' bean method
com.personal.assistant.module.system.controller.SystemController#health() mapped.
	at org.springframework.web.servlet.handler.AbstractHandlerMethodMapping$MappingRegistry.validateMethodMapping(AbstractHandlerMethodMapping.java:674)
	at org.springframework.web.servlet.handler.AbstractHandlerMethodMapping$MappingRegistry.register(AbstractHandlerMethodMapping.java:636)
	at org.springframework.web.servlet.handler.AbstractHandlerMethodMapping.registerHandlerMethod(AbstractHandlerMethodMapping.java:331)
	at org.springframework.web.servlet.mvc.method.annotation.RequestMappingHandlerMapping.registerHandlerMethod(RequestMappingHandlerMapping.java:508)
	at org.springframework.web.servlet.mvc.method.annotation.RequestMappingHandlerMapping.registerHandlerMethod(RequestMappingHandlerMapping.java:84)
	at org.springframework.web.servlet.handler.AbstractHandlerMethodMapping.lambda$detectHandlerMethods$2(AbstractHandlerMethodMapping.java:298)
	at java.base/java.util.LinkedHashMap.forEach(LinkedHashMap.java:721)
	at org.springframework.web.servlet.handler.AbstractHandlerMethodMapping.detectHandlerMethods(AbstractHandlerMethodMapping.java:296)
	at org.springframework.web.servlet.handler.AbstractHandlerMethodMapping.processCandidateBean(AbstractHandlerMethodMapping.java:265)
	at org.springframework.web.servlet.handler.AbstractHandlerMethodMapping.initHandlerMethods(AbstractHandlerMethodMapping.java:224)
	at org.springframework.web.servlet.handler.AbstractHandlerMethodMapping.afterPropertiesSet(AbstractHandlerMethodMapping.java:212)
	at org.springframework.web.servlet.mvc.method.annotation.RequestMappingHandlerMapping.afterPropertiesSet(RequestMappingHandlerMapping.java:239)
	at org.springframework.beans.factory.support.AbstractAutowireCapableBeanFactory.invokeInitMethods(AbstractAutowireCapableBeanFactory.java:1853)
	at org.springframework.beans.factory.support.AbstractAutowireCapableBeanFactory.initializeBean(AbstractAutowireCapableBeanFactory.java:1802)
	... 63 common frames omitted
2026-06-29 18:17:15.548 [main] INFO  [traceId=] c.p.assistant.AssistantApplication - Starting AssistantApplication v0.0.1-SNAPSHOT using Java 17.0.19 with PID 48804 (C:\Users\Li\Desktop\project\kiro\个人系统\personal-assistant\personal-assistant-server\target\personal-assistant-server-0.0.1-SNAPSHOT.jar started by Li in C:\Users\Li\Desktop\project\kiro\个人系统\personal-assistant\personal-assistant-server)
2026-06-29 18:17:15.557 [main] INFO  [traceId=] c.p.assistant.AssistantApplication - The following 1 profile is active: "prod"
2026-06-29 18:17:23.162 [main] INFO  [traceId=] o.s.b.w.e.tomcat.TomcatWebServer - Tomcat initialized with port 8080 (http)
2026-06-29 18:17:23.216 [main] INFO  [traceId=] o.a.catalina.core.StandardService - Starting service [Tomcat]
2026-06-29 18:17:23.218 [main] INFO  [traceId=] o.a.catalina.core.StandardEngine - Starting Servlet engine: [Apache Tomcat/10.1.33]
2026-06-29 18:17:23.410 [main] INFO  [traceId=] o.a.c.c.C.[Tomcat].[localhost].[/] - Initializing Spring embedded WebApplicationContext
2026-06-29 18:17:23.415 [main] INFO  [traceId=] o.s.b.w.s.c.ServletWebServerApplicationContext - Root WebApplicationContext: initialization completed in 7665 ms
2026-06-29 18:17:28.490 [main] INFO  [traceId=] com.zaxxer.hikari.HikariDataSource - HikariPool-1 - Starting...
2026-06-29 18:17:29.476 [main] INFO  [traceId=] com.zaxxer.hikari.pool.HikariPool - HikariPool-1 - Added connection org.postgresql.jdbc.PgConnection@3b0ed98a
2026-06-29 18:17:29.483 [main] INFO  [traceId=] com.zaxxer.hikari.HikariDataSource - HikariPool-1 - Start completed.
2026-06-29 18:17:30.261 [main] INFO  [traceId=] liquibase.database - Set default schema name to public
2026-06-29 18:17:31.735 [main] INFO  [traceId=] liquibase.changelog - Reading from public.databasechangelog
2026-06-29 18:17:32.116 [main] INFO  [traceId=] liquibase.ui - Database is up to date, no changesets to execute
2026-06-29 18:17:32.125 [main] INFO  [traceId=] liquibase.changelog - Reading from public.databasechangelog
2026-06-29 18:17:32.151 [main] INFO  [traceId=] liquibase.util - UPDATE SUMMARY
2026-06-29 18:17:32.153 [main] INFO  [traceId=] liquibase.util - Run:                          0
2026-06-29 18:17:32.156 [main] INFO  [traceId=] liquibase.util - Previously run:               8
2026-06-29 18:17:32.158 [main] INFO  [traceId=] liquibase.util - Filtered out:                 0
2026-06-29 18:17:32.159 [main] INFO  [traceId=] liquibase.util - -------------------------------
2026-06-29 18:17:32.161 [main] INFO  [traceId=] liquibase.util - Total change sets:            8
2026-06-29 18:17:32.164 [main] INFO  [traceId=] liquibase.util - Update summary generated
2026-06-29 18:17:32.246 [main] INFO  [traceId=] liquibase.lockservice - Successfully released change log lock
2026-06-29 18:17:32.253 [main] INFO  [traceId=] liquibase.command - Command execution complete
2026-06-29 18:17:34.730 [main] INFO  [traceId=] org.quartz.impl.StdSchedulerFactory - Using default implementation for ThreadExecutor
2026-06-29 18:17:34.780 [main] INFO  [traceId=] o.quartz.core.SchedulerSignalerImpl - Initialized Scheduler Signaller of type: class org.quartz.core.SchedulerSignalerImpl
2026-06-29 18:17:34.781 [main] INFO  [traceId=] org.quartz.core.QuartzScheduler - Quartz Scheduler v.2.3.2 created.
2026-06-29 18:17:34.812 [main] INFO  [traceId=] o.s.s.quartz.LocalDataSourceJobStore - Using db table-based data access locking (synchronization).
2026-06-29 18:17:34.817 [main] INFO  [traceId=] o.s.s.quartz.LocalDataSourceJobStore - JobStoreCMT initialized.
2026-06-29 18:17:34.826 [main] INFO  [traceId=] org.quartz.core.QuartzScheduler - Scheduler meta-data: Quartz Scheduler (v2.3.2) 'PersonalAssistantScheduler' with instanceId 'NON_CLUSTERED'
  Scheduler class: 'org.quartz.core.QuartzScheduler' - running locally.
  NOT STARTED.
  Currently in standby mode.
  Number of jobs executed: 0
  Using thread pool 'org.quartz.simpl.SimpleThreadPool' - with 5 threads.
  Using job-store 'org.springframework.scheduling.quartz.LocalDataSourceJobStore' - which supports persistence. and is not clustered.

2026-06-29 18:17:34.827 [main] INFO  [traceId=] org.quartz.impl.StdSchedulerFactory - Quartz scheduler 'PersonalAssistantScheduler' initialized from an externally provided properties instance.
2026-06-29 18:17:34.829 [main] INFO  [traceId=] org.quartz.impl.StdSchedulerFactory - Quartz scheduler version: 2.3.2
2026-06-29 18:17:34.829 [main] INFO  [traceId=] org.quartz.core.QuartzScheduler - JobFactory set to: org.springframework.scheduling.quartz.SpringBeanJobFactory@430f0c63
2026-06-29 18:17:35.958 [main] WARN  [traceId=] o.s.b.a.s.s.UserDetailsServiceAutoConfiguration - 

Using generated security password: 5d97506c-b50d-4d16-9188-4b2bb579e358

This generated password is for development use only. Your security configuration must be updated before running your application in production.

2026-06-29 18:17:36.000 [main] INFO  [traceId=] o.s.s.c.a.a.c.InitializeUserDetailsBeanManagerConfigurer$InitializeUserDetailsManagerConfigurer - Global AuthenticationManager configured with UserDetailsService bean with name inMemoryUserDetailsManager
2026-06-29 18:17:37.414 [main] INFO  [traceId=] o.s.b.a.e.web.EndpointLinksResolver - Exposing 2 endpoints beneath base path '/actuator'
2026-06-29 18:17:38.649 [main] INFO  [traceId=] o.s.b.w.e.tomcat.TomcatWebServer - Tomcat started on port 8080 (http) with context path '/'
2026-06-29 18:17:38.655 [main] INFO  [traceId=] o.s.s.quartz.SchedulerFactoryBean - Starting Quartz Scheduler now
2026-06-29 18:17:38.733 [main] INFO  [traceId=] o.s.s.quartz.LocalDataSourceJobStore - Freed 0 triggers from 'acquired' / 'blocked' state.
2026-06-29 18:17:38.758 [main] INFO  [traceId=] o.s.s.quartz.LocalDataSourceJobStore - Recovering 0 jobs that were in-progress at the time of the last shut-down.
2026-06-29 18:17:38.759 [main] INFO  [traceId=] o.s.s.quartz.LocalDataSourceJobStore - Recovery complete.
2026-06-29 18:17:38.764 [main] INFO  [traceId=] o.s.s.quartz.LocalDataSourceJobStore - Removed 0 'complete' triggers.
2026-06-29 18:17:38.770 [main] INFO  [traceId=] o.s.s.quartz.LocalDataSourceJobStore - Removed 0 stale fired job entries.
2026-06-29 18:17:38.778 [main] INFO  [traceId=] org.quartz.core.QuartzScheduler - Scheduler PersonalAssistantScheduler_$_NON_CLUSTERED started.
2026-06-29 18:17:38.816 [main] INFO  [traceId=] c.p.assistant.AssistantApplication - Started AssistantApplication in 25.55 seconds (process running for 27.598)
2026-06-29 18:17:38.831 [http-nio-8080-exec-1] INFO  [traceId=] o.a.c.c.C.[Tomcat].[localhost].[/] - Initializing Spring DispatcherServlet 'dispatcherServlet'
2026-06-29 18:17:38.832 [http-nio-8080-exec-1] INFO  [traceId=] o.s.web.servlet.DispatcherServlet - Initializing Servlet 'dispatcherServlet'
2026-06-29 18:17:38.836 [http-nio-8080-exec-1] INFO  [traceId=] o.s.web.servlet.DispatcherServlet - Completed initialization in 3 ms
2026-06-29 18:17:39.467 [main] INFO  [traceId=] c.p.a.common.config.DataInitializer - 已初始化默认管理员账号 admin，请登录后尽快修改密码
