2026-07-02 03:15:05.191 [HikariPool-1 housekeeper] WARN  [traceId=] com.zaxxer.hikari.pool.HikariPool - HikariPool-1 - Thread starvation or clock leap detected (housekeeper delta=6h46m52s485ms292µs500ns).
2026-07-02 13:02:44.851 [main] INFO  [traceId=] c.p.assistant.AssistantApplication - Starting AssistantApplication using Java 21.0.10 with PID 9728 (C:\Users\Li\Desktop\project\kiro\个人系统\personal-assistant\personal-assistant-server\target\classes started by Li in C:\Users\Li\Desktop\project\kiro\个人系统\personal-assistant\personal-assistant-server)
2026-07-02 13:02:44.855 [main] INFO  [traceId=] c.p.assistant.AssistantApplication - The following 1 profile is active: "local"
2026-07-02 13:02:48.848 [main] INFO  [traceId=] o.s.b.w.e.tomcat.TomcatWebServer - Tomcat initialized with port 8080 (http)
2026-07-02 13:02:48.885 [main] INFO  [traceId=] o.a.catalina.core.StandardService - Starting service [Tomcat]
2026-07-02 13:02:48.885 [main] INFO  [traceId=] o.a.catalina.core.StandardEngine - Starting Servlet engine: [Apache Tomcat/10.1.33]
2026-07-02 13:02:49.048 [main] INFO  [traceId=] o.a.c.c.C.[Tomcat].[localhost].[/] - Initializing Spring embedded WebApplicationContext
2026-07-02 13:02:49.048 [main] INFO  [traceId=] o.s.b.w.s.c.ServletWebServerApplicationContext - Root WebApplicationContext: initialization completed in 4097 ms
2026-07-02 13:02:49.745 [main] INFO  [traceId=] com.zaxxer.hikari.HikariDataSource - HikariPool-1 - Starting...
2026-07-02 13:02:50.051 [main] INFO  [traceId=] com.zaxxer.hikari.pool.HikariPool - HikariPool-1 - Added connection org.postgresql.jdbc.PgConnection@2db461b5
2026-07-02 13:02:50.054 [main] INFO  [traceId=] com.zaxxer.hikari.HikariDataSource - HikariPool-1 - Start completed.
2026-07-02 13:02:50.375 [main] INFO  [traceId=] liquibase.database - Set default schema name to public
2026-07-02 13:02:51.139 [main] INFO  [traceId=] liquibase.changelog - Reading from public.databasechangelog
2026-07-02 13:02:51.272 [main] INFO  [traceId=] liquibase.ui - Database is up to date, no changesets to execute
2026-07-02 13:02:51.276 [main] INFO  [traceId=] liquibase.changelog - Reading from public.databasechangelog
2026-07-02 13:02:51.294 [main] INFO  [traceId=] liquibase.util - UPDATE SUMMARY
2026-07-02 13:02:51.294 [main] INFO  [traceId=] liquibase.util - Run:                          0
2026-07-02 13:02:51.294 [main] INFO  [traceId=] liquibase.util - Previously run:               9
2026-07-02 13:02:51.294 [main] INFO  [traceId=] liquibase.util - Filtered out:                 0
2026-07-02 13:02:51.294 [main] INFO  [traceId=] liquibase.util - -------------------------------
2026-07-02 13:02:51.295 [main] INFO  [traceId=] liquibase.util - Total change sets:            9
2026-07-02 13:02:51.296 [main] INFO  [traceId=] liquibase.util - Update summary generated
2026-07-02 13:02:51.345 [main] INFO  [traceId=] liquibase.lockservice - Successfully released change log lock
2026-07-02 13:02:51.349 [main] INFO  [traceId=] liquibase.command - Command execution complete
2026-07-02 13:02:52.722 [main] INFO  [traceId=] org.quartz.impl.StdSchedulerFactory - Using default implementation for ThreadExecutor
2026-07-02 13:02:52.755 [main] INFO  [traceId=] o.quartz.core.SchedulerSignalerImpl - Initialized Scheduler Signaller of type: class org.quartz.core.SchedulerSignalerImpl
2026-07-02 13:02:52.756 [main] INFO  [traceId=] org.quartz.core.QuartzScheduler - Quartz Scheduler v.2.3.2 created.
2026-07-02 13:02:52.786 [main] INFO  [traceId=] o.s.s.quartz.LocalDataSourceJobStore - Using db table-based data access locking (synchronization).
2026-07-02 13:02:52.792 [main] INFO  [traceId=] o.s.s.quartz.LocalDataSourceJobStore - JobStoreCMT initialized.
2026-07-02 13:02:52.794 [main] INFO  [traceId=] org.quartz.core.QuartzScheduler - Scheduler meta-data: Quartz Scheduler (v2.3.2) 'PersonalAssistantScheduler' with instanceId 'NON_CLUSTERED'
  Scheduler class: 'org.quartz.core.QuartzScheduler' - running locally.
  NOT STARTED.
  Currently in standby mode.
  Number of jobs executed: 0
  Using thread pool 'org.quartz.simpl.SimpleThreadPool' - with 5 threads.
  Using job-store 'org.springframework.scheduling.quartz.LocalDataSourceJobStore' - which supports persistence. and is not clustered.

2026-07-02 13:02:52.794 [main] INFO  [traceId=] org.quartz.impl.StdSchedulerFactory - Quartz scheduler 'PersonalAssistantScheduler' initialized from an externally provided properties instance.
2026-07-02 13:02:52.794 [main] INFO  [traceId=] org.quartz.impl.StdSchedulerFactory - Quartz scheduler version: 2.3.2
2026-07-02 13:02:52.795 [main] INFO  [traceId=] org.quartz.core.QuartzScheduler - JobFactory set to: org.springframework.scheduling.quartz.SpringBeanJobFactory@3dbb7bb
2026-07-02 13:02:53.424 [main] WARN  [traceId=] o.s.b.a.s.s.UserDetailsServiceAutoConfiguration - 

Using generated security password: 88d08054-964a-41a5-a37d-40989f5d97f5

This generated password is for development use only. Your security configuration must be updated before running your application in production.

2026-07-02 13:02:53.444 [main] INFO  [traceId=] o.s.s.c.a.a.c.InitializeUserDetailsBeanManagerConfigurer$InitializeUserDetailsManagerConfigurer - Global AuthenticationManager configured with UserDetailsService bean with name inMemoryUserDetailsManager
2026-07-02 13:02:54.118 [main] INFO  [traceId=] o.s.b.a.e.web.EndpointLinksResolver - Exposing 2 endpoints beneath base path '/actuator'
2026-07-02 13:02:54.789 [main] INFO  [traceId=] o.s.b.w.e.tomcat.TomcatWebServer - Tomcat started on port 8080 (http) with context path '/'
2026-07-02 13:02:54.792 [main] INFO  [traceId=] o.s.s.quartz.SchedulerFactoryBean - Starting Quartz Scheduler now
2026-07-02 13:02:54.838 [main] INFO  [traceId=] o.s.s.quartz.LocalDataSourceJobStore - Freed 0 triggers from 'acquired' / 'blocked' state.
2026-07-02 13:02:54.853 [main] INFO  [traceId=] o.s.s.quartz.LocalDataSourceJobStore - Recovering 0 jobs that were in-progress at the time of the last shut-down.
2026-07-02 13:02:54.854 [main] INFO  [traceId=] o.s.s.quartz.LocalDataSourceJobStore - Recovery complete.
2026-07-02 13:02:54.856 [main] INFO  [traceId=] o.s.s.quartz.LocalDataSourceJobStore - Removed 0 'complete' triggers.
2026-07-02 13:02:54.859 [main] INFO  [traceId=] o.s.s.quartz.LocalDataSourceJobStore - Removed 0 stale fired job entries.
2026-07-02 13:02:54.862 [main] INFO  [traceId=] org.quartz.core.QuartzScheduler - Scheduler PersonalAssistantScheduler_$_NON_CLUSTERED started.
2026-07-02 13:02:54.883 [main] INFO  [traceId=] c.p.assistant.AssistantApplication - Started AssistantApplication in 11.466 seconds (process running for 14.87)
2026-07-02 13:02:55.648 [RMI TCP Connection(3)-192.168.0.160] INFO  [traceId=] o.a.c.c.C.[Tomcat].[localhost].[/] - Initializing Spring DispatcherServlet 'dispatcherServlet'
2026-07-02 13:02:55.649 [RMI TCP Connection(3)-192.168.0.160] INFO  [traceId=] o.s.web.servlet.DispatcherServlet - Initializing Servlet 'dispatcherServlet'
2026-07-02 13:02:55.650 [RMI TCP Connection(3)-192.168.0.160] INFO  [traceId=] o.s.web.servlet.DispatcherServlet - Completed initialization in 1 ms
2026-07-02 13:06:30.108 [http-nio-8080-exec-6] INFO  [traceId=21233d44e36c482ba6a3ed06d566d5be] c.p.a.m.auth.service.AuthService - 用户登录成功，userId: 1
2026-07-02 14:21:00.501 [QuartzScheduler_PersonalAssistantScheduler-NON_CLUSTERED_MisfireHandler] WARN  [traceId=] com.zaxxer.hikari.pool.PoolBase - HikariPool-1 - Failed to validate connection org.postgresql.jdbc.PgConnection@2a8d4c9a (This connection has been closed.). Possibly consider using a shorter maxLifetime value.
